01:15:30 **** Incremental Build of configuration Debug for project 002_SampleCode ****
make -j2 all 
arm-none-eabi-gcc "../Src/main.c" -mcpu=cortex-m4 -std=gnu11 -g3 -DDEBUG -DSTM32 -DSTM32F4 -DSTM32F407VGTx -c -I../Inc -O0 -ffunction-sections -fdata-sections -Wall -fstack-usage -fcyclomatic-complexity -MMD -MP -MF"Src/main.d" -MT"Src/main.o" --specs=nano.specs -mfloat-abi=soft -mthumb -o "Src/main.o"
arm-none-eabi-gcc -o "002_SampleCode.elf" @"objects.list"   -mcpu=cortex-m4 -T"C:\Users\Hareesh\STM32CubeIDE\workspace_1.18.1\002_SampleCode\STM32F407VGTX_FLASH.ld" --specs=nosys.specs -Wl,-Map="002_SampleCode.map" -Wl,--gc-sections -static --specs=nano.specs -mfloat-abi=soft -mthumb -Wl,--start-group -lc -lm -Wl,--end-group
Finished building target: 002_SampleCode.elf
 
arm-none-eabi-size  002_SampleCode.elf 
arm-none-eabi-objdump -h -S 002_SampleCode.elf  > "002_SampleCode.list"
   text	   data	    bss	    dec	    hex	filename
   6208	    164	   1900	   8272	   2050	002_SampleCode.elf
Finished building: default.size.stdout
 
Finished building: 002_SampleCode.list
 

01:15:33 Build Finished. 0 errors, 0 warnings. (took 2s.872ms)

