06:39:55 **** Incremental Build of configuration Debug for project 007_stm32f4xx_driver ****
make -j2 all 
arm-none-eabi-gcc "../Src/main.c" -mcpu=cortex-m4 -std=gnu11 -g3 -DDEBUG -DSTM32 -DSTM32F407G_DISC1 -DSTM32F4 -DSTM32F407VGTx -c -I../Inc -I"C:/Users/Hareesh/STM32CubeIDE/workspace_1.18.1/007_stm32f4xx_driver/Inc" -O0 -ffunction-sections -fdata-sections -Wall -fstack-usage -fcyclomatic-complexity -MMD -MP -MF"Src/main.d" -MT"Src/main.o" --specs=nano.specs -mfloat-abi=soft -mthumb -o "Src/main.o"
arm-none-eabi-gcc "../Src/syscalls.c" -mcpu=cortex-m4 -std=gnu11 -g3 -DDEBUG -DSTM32 -DSTM32F407G_DISC1 -DSTM32F4 -DSTM32F407VGTx -c -I../Inc -I"C:/Users/Hareesh/STM32CubeIDE/workspace_1.18.1/007_stm32f4xx_driver/Inc" -O0 -ffunction-sections -fdata-sections -Wall -fstack-usage -fcyclomatic-complexity -MMD -MP -MF"Src/syscalls.d" -MT"Src/syscalls.o" --specs=nano.specs -mfloat-abi=soft -mthumb -o "Src/syscalls.o"
arm-none-eabi-gcc "../Src/sysmem.c" -mcpu=cortex-m4 -std=gnu11 -g3 -DDEBUG -DSTM32 -DSTM32F407G_DISC1 -DSTM32F4 -DSTM32F407VGTx -c -I../Inc -I"C:/Users/Hareesh/STM32CubeIDE/workspace_1.18.1/007_stm32f4xx_driver/Inc" -O0 -ffunction-sections -fdata-sections -Wall -fstack-usage -fcyclomatic-complexity -MMD -MP -MF"Src/sysmem.d" -MT"Src/sysmem.o" --specs=nano.specs -mfloat-abi=soft -mthumb -o "Src/sysmem.o"
arm-none-eabi-gcc -o "007_stm32f4xx_driver.elf" @"objects.list"   -mcpu=cortex-m4 -T"C:\Users\Hareesh\STM32CubeIDE\workspace_1.18.1\007_stm32f4xx_driver\STM32F407VGTX_FLASH.ld" --specs=nosys.specs -Wl,-Map="007_stm32f4xx_driver.map" -Wl,--gc-sections -static --specs=nano.specs -mfloat-abi=soft -mthumb -Wl,--start-group -lc -lm -Wl,--end-group
Finished building target: 007_stm32f4xx_driver.elf
 
arm-none-eabi-size  007_stm32f4xx_driver.elf 
arm-none-eabi-objdump -h -S 007_stm32f4xx_driver.elf  > "007_stm32f4xx_driver.list"
   text	   data	    bss	    dec	    hex	filename
    652	      0	   1568	   2220	    8ac	007_stm32f4xx_driver.elf
Finished building: default.size.stdout
 
Finished building: 007_stm32f4xx_driver.list
 
06:58:29 **** Incremental Build of configuration Debug for project 007_stm32f4xx_driver ****
make -j2 all 
arm-none-eabi-gcc "../Src/main.c" -mcpu=cortex-m4 -std=gnu11 -g3 -DDEBUG -DSTM32 -DSTM32F407G_DISC1 -DSTM32F4 -DSTM32F407VGTx -c -I../Inc -I"C:/Users/Hareesh/STM32CubeIDE/workspace_1.18.1/007_stm32f4xx_driver/Inc" -O0 -ffunction-sections -fdata-sections -Wall -fstack-usage -fcyclomatic-complexity -MMD -MP -MF"Src/main.d" -MT"Src/main.o" --specs=nano.specs -mfloat-abi=soft -mthumb -o "Src/main.o"
arm-none-eabi-gcc -o "007_stm32f4xx_driver.elf" @"objects.list"   -mcpu=cortex-m4 -T"C:\Users\Hareesh\STM32CubeIDE\workspace_1.18.1\007_stm32f4xx_driver\STM32F407VGTX_FLASH.ld" --specs=nosys.specs -Wl,-Map="007_stm32f4xx_driver.map" -Wl,--gc-sections -static --specs=nano.specs -mfloat-abi=soft -mthumb -Wl,--start-group -lc -lm -Wl,--end-group
Finished building target: 007_stm32f4xx_driver.elf
 
arm-none-eabi-size  007_stm32f4xx_driver.elf 
arm-none-eabi-objdump -h -S 007_stm32f4xx_driver.elf  > "007_stm32f4xx_driver.list"
   text	   data	    bss	    dec	    hex	filename
    652	      0	   1568	   2220	    8ac	007_stm32f4xx_driver.elf
Finished building: default.size.stdout
 
Finished building: 007_stm32f4xx_driver.list
 
07:08:22 **** Incremental Build of configuration Debug for project 007_stm32f4xx_driver ****
make -j2 all 
arm-none-eabi-gcc "../Src/main.c" -mcpu=cortex-m4 -std=gnu11 -g3 -DDEBUG -DSTM32 -DSTM32F407G_DISC1 -DSTM32F4 -DSTM32F407VGTx -c -I../Inc -I"C:/Users/Hareesh/STM32CubeIDE/workspace_1.18.1/007_stm32f4xx_driver/Inc" -O0 -ffunction-sections -fdata-sections -Wall -fstack-usage -fcyclomatic-complexity -MMD -MP -MF"Src/main.d" -MT"Src/main.o" --specs=nano.specs -mfloat-abi=soft -mthumb -o "Src/main.o"
arm-none-eabi-gcc -o "007_stm32f4xx_driver.elf" @"objects.list"   -mcpu=cortex-m4 -T"C:\Users\Hareesh\STM32CubeIDE\workspace_1.18.1\007_stm32f4xx_driver\STM32F407VGTX_FLASH.ld" --specs=nosys.specs -Wl,-Map="007_stm32f4xx_driver.map" -Wl,--gc-sections -static --specs=nano.specs -mfloat-abi=soft -mthumb -Wl,--start-group -lc -lm -Wl,--end-group
Finished building target: 007_stm32f4xx_driver.elf
 
arm-none-eabi-size  007_stm32f4xx_driver.elf 
arm-none-eabi-objdump -h -S 007_stm32f4xx_driver.elf  > "007_stm32f4xx_driver.list"
   text	   data	    bss	    dec	    hex	filename
    652	      0	   1568	   2220	    8ac	007_stm32f4xx_driver.elf
Finished building: default.size.stdout
 
Finished building: 007_stm32f4xx_driver.list
 
08:03:22 **** Incremental Build of configuration Debug for project 007_stm32f4xx_driver ****
make -j2 all 
arm-none-eabi-gcc "../Src/main.c" -mcpu=cortex-m4 -std=gnu11 -g3 -DDEBUG -DSTM32 -DSTM32F407G_DISC1 -DSTM32F4 -DSTM32F407VGTx -c -I../Inc -I"C:/Users/Hareesh/STM32CubeIDE/workspace_1.18.1/007_stm32f4xx_driver/Inc" -O0 -ffunction-sections -fdata-sections -Wall -fstack-usage -fcyclomatic-complexity -MMD -MP -MF"Src/main.d" -MT"Src/main.o" --specs=nano.specs -mfloat-abi=soft -mthumb -o "Src/main.o"
In file included from ../Src/main.c:24:
../Inc/stm32f407.h:86:9: error: expected identifier or '(' before '{' token
   86 | typedef {
      |         ^
../Inc/stm32f407.h:96:2: warning: data definition has no type or storage class
   96 | }GPIOx_RegDef_t;
      |  ^~~~~~~~~~~~~~
../Inc/stm32f407.h:96:2: warning: type defaults to 'int' in declaration of 'GPIOx_RegDef_t' [-Wimplicit-int]
make: *** [Src/subdir.mk:25: Src/main.o] Error 1
"make -j2 all" terminated with exit code 2. Build might be incomplete.
08:04:00 **** Incremental Build of configuration Debug for project 007_stm32f4xx_driver ****
make -j2 all 
arm-none-eabi-gcc "../Src/main.c" -mcpu=cortex-m4 -std=gnu11 -g3 -DDEBUG -DSTM32 -DSTM32F407G_DISC1 -DSTM32F4 -DSTM32F407VGTx -c -I../Inc -I"C:/Users/Hareesh/STM32CubeIDE/workspace_1.18.1/007_stm32f4xx_driver/Inc" -O0 -ffunction-sections -fdata-sections -Wall -fstack-usage -fcyclomatic-complexity -MMD -MP -MF"Src/main.d" -MT"Src/main.o" --specs=nano.specs -mfloat-abi=soft -mthumb -o "Src/main.o"
arm-none-eabi-gcc -o "007_stm32f4xx_driver.elf" @"objects.list"   -mcpu=cortex-m4 -T"C:\Users\Hareesh\STM32CubeIDE\workspace_1.18.1\007_stm32f4xx_driver\STM32F407VGTX_FLASH.ld" --specs=nosys.specs -Wl,-Map="007_stm32f4xx_driver.map" -Wl,--gc-sections -static --specs=nano.specs -mfloat-abi=soft -mthumb -Wl,--start-group -lc -lm -Wl,--end-group
Finished building target: 007_stm32f4xx_driver.elf
 
arm-none-eabi-size  007_stm32f4xx_driver.elf 
arm-none-eabi-objdump -h -S 007_stm32f4xx_driver.elf  > "007_stm32f4xx_driver.list"
   text	   data	    bss	    dec	    hex	filename
    652	      0	   1568	   2220	    8ac	007_stm32f4xx_driver.elf
Finished building: default.size.stdout
 
Finished building: 007_stm32f4xx_driver.list
 
08:22:17 **** Incremental Build of configuration Debug for project 007_stm32f4xx_driver ****
make -j2 all 
arm-none-eabi-gcc "../Src/main.c" -mcpu=cortex-m4 -std=gnu11 -g3 -DDEBUG -DSTM32 -DSTM32F407G_DISC1 -DSTM32F4 -DSTM32F407VGTx -c -I../Inc -I"C:/Users/Hareesh/STM32CubeIDE/workspace_1.18.1/007_stm32f4xx_driver/Inc" -O0 -ffunction-sections -fdata-sections -Wall -fstack-usage -fcyclomatic-complexity -MMD -MP -MF"Src/main.d" -MT"Src/main.o" --specs=nano.specs -mfloat-abi=soft -mthumb -o "Src/main.o"
In file included from ../Src/main.c:24:
../Inc/stm32f407.h:94:22: error: duplicate member 'Reserved'
   94 |         _vo uint32_t Reserved[2];
      |                      ^~~~~~~~
../Inc/stm32f407.h:96:22: error: duplicate member 'Reserved'
   96 |         _vo uint32_t Reserved;
      |                      ^~~~~~~~
../Inc/stm32f407.h:98:22: error: duplicate member 'Reserved'
   98 |         _vo uint32_t Reserved[2];
      |                      ^~~~~~~~
../Inc/stm32f407.h:100:22: error: duplicate member 'Reserved'
  100 |         _vo uint32_t Reserved;
      |                      ^~~~~~~~
../Inc/stm32f407.h:102:22: error: duplicate member 'Reserved'
  102 |         _vo uint32_t Reserved[2];
      |                      ^~~~~~~~
../Inc/stm32f407.h:105:22: error: duplicate member 'Reserved'
  105 |         _vo uint32_t Reserved[2];
      |                      ^~~~~~~~
make: *** [Src/subdir.mk:25: Src/main.o] Error 1
"make -j2 all" terminated with exit code 2. Build might be incomplete.
08:22:51 **** Incremental Build of configuration Debug for project 007_stm32f4xx_driver ****
make -j2 all 
arm-none-eabi-gcc "../Src/main.c" -mcpu=cortex-m4 -std=gnu11 -g3 -DDEBUG -DSTM32 -DSTM32F407G_DISC1 -DSTM32F4 -DSTM32F407VGTx -c -I../Inc -I"C:/Users/Hareesh/STM32CubeIDE/workspace_1.18.1/007_stm32f4xx_driver/Inc" -O0 -ffunction-sections -fdata-sections -Wall -fstack-usage -fcyclomatic-complexity -MMD -MP -MF"Src/main.d" -MT"Src/main.o" --specs=nano.specs -mfloat-abi=soft -mthumb -o "Src/main.o"
arm-none-eabi-gcc -o "007_stm32f4xx_driver.elf" @"objects.list"   -mcpu=cortex-m4 -T"C:\Users\Hareesh\STM32CubeIDE\workspace_1.18.1\007_stm32f4xx_driver\STM32F407VGTX_FLASH.ld" --specs=nosys.specs -Wl,-Map="007_stm32f4xx_driver.map" -Wl,--gc-sections -static --specs=nano.specs -mfloat-abi=soft -mthumb -Wl,--start-group -lc -lm -Wl,--end-group
Finished building target: 007_stm32f4xx_driver.elf
 
arm-none-eabi-size  007_stm32f4xx_driver.elf 
arm-none-eabi-objdump -h -S 007_stm32f4xx_driver.elf  > "007_stm32f4xx_driver.list"
   text	   data	    bss	    dec	    hex	filename
    652	      0	   1568	   2220	    8ac	007_stm32f4xx_driver.elf
Finished building: default.size.stdout
 
Finished building: 007_stm32f4xx_driver.list
 
08:27:44 **** Incremental Build of configuration Debug for project 007_stm32f4xx_driver ****
make -j2 all 
arm-none-eabi-gcc "../Src/main.c" -mcpu=cortex-m4 -std=gnu11 -g3 -DDEBUG -DSTM32 -DSTM32F407G_DISC1 -DSTM32F4 -DSTM32F407VGTx -c -I../Inc -I"C:/Users/Hareesh/STM32CubeIDE/workspace_1.18.1/007_stm32f4xx_driver/Inc" -O0 -ffunction-sections -fdata-sections -Wall -fstack-usage -fcyclomatic-complexity -MMD -MP -MF"Src/main.d" -MT"Src/main.o" --specs=nano.specs -mfloat-abi=soft -mthumb -o "Src/main.o"
arm-none-eabi-gcc -o "007_stm32f4xx_driver.elf" @"objects.list"   -mcpu=cortex-m4 -T"C:\Users\Hareesh\STM32CubeIDE\workspace_1.18.1\007_stm32f4xx_driver\STM32F407VGTX_FLASH.ld" --specs=nosys.specs -Wl,-Map="007_stm32f4xx_driver.map" -Wl,--gc-sections -static --specs=nano.specs -mfloat-abi=soft -mthumb -Wl,--start-group -lc -lm -Wl,--end-group
Finished building target: 007_stm32f4xx_driver.elf
 
arm-none-eabi-size  007_stm32f4xx_driver.elf 
arm-none-eabi-objdump -h -S 007_stm32f4xx_driver.elf  > "007_stm32f4xx_driver.list"
   text	   data	    bss	    dec	    hex	filename
    652	      0	   1568	   2220	    8ac	007_stm32f4xx_driver.elf
Finished building: default.size.stdout
 
Finished building: 007_stm32f4xx_driver.list
 
06:43:53 **** Incremental Build of configuration Debug for project 007_stm32f4xx_driver ****
make -j2 all 
arm-none-eabi-gcc "../Src/main.c" -mcpu=cortex-m4 -std=gnu11 -g3 -DDEBUG -DSTM32 -DSTM32F407G_DISC1 -DSTM32F4 -DSTM32F407VGTx -c -I../Inc -I"C:/Users/Hareesh/STM32CubeIDE/workspace_1.18.1/007_stm32f4xx_driver/Inc" -O0 -ffunction-sections -fdata-sections -Wall -fstack-usage -fcyclomatic-complexity -MMD -MP -MF"Src/main.d" -MT"Src/main.o" --specs=nano.specs -mfloat-abi=soft -mthumb -o "Src/main.o"
arm-none-eabi-gcc -o "007_stm32f4xx_driver.elf" @"objects.list"   -mcpu=cortex-m4 -T"C:\Users\Hareesh\STM32CubeIDE\workspace_1.18.1\007_stm32f4xx_driver\STM32F407VGTX_FLASH.ld" --specs=nosys.specs -Wl,-Map="007_stm32f4xx_driver.map" -Wl,--gc-sections -static --specs=nano.specs -mfloat-abi=soft -mthumb -Wl,--start-group -lc -lm -Wl,--end-group
Finished building target: 007_stm32f4xx_driver.elf
 
arm-none-eabi-size  007_stm32f4xx_driver.elf 
arm-none-eabi-objdump -h -S 007_stm32f4xx_driver.elf  > "007_stm32f4xx_driver.list"
   text	   data	    bss	    dec	    hex	filename
    652	      0	   1568	   2220	    8ac	007_stm32f4xx_driver.elf
Finished building: default.size.stdout
 
Finished building: 007_stm32f4xx_driver.list
 
06:47:56 **** Incremental Build of configuration Debug for project 007_stm32f4xx_driver ****
make -j2 all 
arm-none-eabi-gcc "../Src/main.c" -mcpu=cortex-m4 -std=gnu11 -g3 -DDEBUG -DSTM32 -DSTM32F407G_DISC1 -DSTM32F4 -DSTM32F407VGTx -c -I../Inc -I"C:/Users/Hareesh/STM32CubeIDE/workspace_1.18.1/007_stm32f4xx_driver/Inc" -O0 -ffunction-sections -fdata-sections -Wall -fstack-usage -fcyclomatic-complexity -MMD -MP -MF"Src/main.d" -MT"Src/main.o" --specs=nano.specs -mfloat-abi=soft -mthumb -o "Src/main.o"
arm-none-eabi-gcc -o "007_stm32f4xx_driver.elf" @"objects.list"   -mcpu=cortex-m4 -T"C:\Users\Hareesh\STM32CubeIDE\workspace_1.18.1\007_stm32f4xx_driver\STM32F407VGTX_FLASH.ld" --specs=nosys.specs -Wl,-Map="007_stm32f4xx_driver.map" -Wl,--gc-sections -static --specs=nano.specs -mfloat-abi=soft -mthumb -Wl,--start-group -lc -lm -Wl,--end-group
Finished building target: 007_stm32f4xx_driver.elf
 
arm-none-eabi-size  007_stm32f4xx_driver.elf 
arm-none-eabi-objdump -h -S 007_stm32f4xx_driver.elf  > "007_stm32f4xx_driver.list"
   text	   data	    bss	    dec	    hex	filename
    652	      0	   1568	   2220	    8ac	007_stm32f4xx_driver.elf
Finished building: default.size.stdout
 
Finished building: 007_stm32f4xx_driver.list
 
06:49:16 **** Incremental Build of configuration Debug for project 007_stm32f4xx_driver ****
make -j2 all 
arm-none-eabi-gcc "../Src/main.c" -mcpu=cortex-m4 -std=gnu11 -g3 -DDEBUG -DSTM32 -DSTM32F407G_DISC1 -DSTM32F4 -DSTM32F407VGTx -c -I../Inc -I"C:/Users/Hareesh/STM32CubeIDE/workspace_1.18.1/007_stm32f4xx_driver/Inc" -O0 -ffunction-sections -fdata-sections -Wall -fstack-usage -fcyclomatic-complexity -MMD -MP -MF"Src/main.d" -MT"Src/main.o" --specs=nano.specs -mfloat-abi=soft -mthumb -o "Src/main.o"
arm-none-eabi-gcc -o "007_stm32f4xx_driver.elf" @"objects.list"   -mcpu=cortex-m4 -T"C:\Users\Hareesh\STM32CubeIDE\workspace_1.18.1\007_stm32f4xx_driver\STM32F407VGTX_FLASH.ld" --specs=nosys.specs -Wl,-Map="007_stm32f4xx_driver.map" -Wl,--gc-sections -static --specs=nano.specs -mfloat-abi=soft -mthumb -Wl,--start-group -lc -lm -Wl,--end-group
Finished building target: 007_stm32f4xx_driver.elf
 
arm-none-eabi-size  007_stm32f4xx_driver.elf 
arm-none-eabi-objdump -h -S 007_stm32f4xx_driver.elf  > "007_stm32f4xx_driver.list"
   text	   data	    bss	    dec	    hex	filename
    652	      0	   1568	   2220	    8ac	007_stm32f4xx_driver.elf
Finished building: default.size.stdout
 
Finished building: 007_stm32f4xx_driver.list
 
07:02:25 **** Incremental Build of configuration Debug for project 007_stm32f4xx_driver ****
make -j2 all 
arm-none-eabi-gcc "../Src/main.c" -mcpu=cortex-m4 -std=gnu11 -g3 -DDEBUG -DSTM32 -DSTM32F407G_DISC1 -DSTM32F4 -DSTM32F407VGTx -c -I../Inc -I"C:/Users/Hareesh/STM32CubeIDE/workspace_1.18.1/007_stm32f4xx_driver/Inc" -O0 -ffunction-sections -fdata-sections -Wall -fstack-usage -fcyclomatic-complexity -MMD -MP -MF"Src/main.d" -MT"Src/main.o" --specs=nano.specs -mfloat-abi=soft -mthumb -o "Src/main.o"
arm-none-eabi-gcc -o "007_stm32f4xx_driver.elf" @"objects.list"   -mcpu=cortex-m4 -T"C:\Users\Hareesh\STM32CubeIDE\workspace_1.18.1\007_stm32f4xx_driver\STM32F407VGTX_FLASH.ld" --specs=nosys.specs -Wl,-Map="007_stm32f4xx_driver.map" -Wl,--gc-sections -static --specs=nano.specs -mfloat-abi=soft -mthumb -Wl,--start-group -lc -lm -Wl,--end-group
Finished building target: 007_stm32f4xx_driver.elf
 
arm-none-eabi-size  007_stm32f4xx_driver.elf 
arm-none-eabi-objdump -h -S 007_stm32f4xx_driver.elf  > "007_stm32f4xx_driver.list"
   text	   data	    bss	    dec	    hex	filename
    652	      0	   1568	   2220	    8ac	007_stm32f4xx_driver.elf
Finished building: default.size.stdout
Finished building: 007_stm32f4xx_driver.list
 
 
07:19:49 **** Incremental Build of configuration Debug for project 007_stm32f4xx_driver ****
make -j2 all 
arm-none-eabi-gcc "../Src/main.c" -mcpu=cortex-m4 -std=gnu11 -g3 -DDEBUG -DSTM32 -DSTM32F407G_DISC1 -DSTM32F4 -DSTM32F407VGTx -c -I"C:/Users/Hareesh/STM32CubeIDE/workspace_1.18.1/007_stm32f4xx_driver/Inc" -O0 -ffunction-sections -fdata-sections -Wall -fstack-usage -fcyclomatic-complexity -MMD -MP -MF"Src/main.d" -MT"Src/main.o" --specs=nano.specs -mfloat-abi=soft -mthumb -o "Src/main.o"
arm-none-eabi-gcc "../Src/syscalls.c" -mcpu=cortex-m4 -std=gnu11 -g3 -DDEBUG -DSTM32 -DSTM32F407G_DISC1 -DSTM32F4 -DSTM32F407VGTx -c -I"C:/Users/Hareesh/STM32CubeIDE/workspace_1.18.1/007_stm32f4xx_driver/Inc" -O0 -ffunction-sections -fdata-sections -Wall -fstack-usage -fcyclomatic-complexity -MMD -MP -MF"Src/syscalls.d" -MT"Src/syscalls.o" --specs=nano.specs -mfloat-abi=soft -mthumb -o "Src/syscalls.o"
arm-none-eabi-gcc "../Src/sysmem.c" -mcpu=cortex-m4 -std=gnu11 -g3 -DDEBUG -DSTM32 -DSTM32F407G_DISC1 -DSTM32F4 -DSTM32F407VGTx -c -I"C:/Users/Hareesh/STM32CubeIDE/workspace_1.18.1/007_stm32f4xx_driver/Inc" -O0 -ffunction-sections -fdata-sections -Wall -fstack-usage -fcyclomatic-complexity -MMD -MP -MF"Src/sysmem.d" -MT"Src/sysmem.o" --specs=nano.specs -mfloat-abi=soft -mthumb -o "Src/sysmem.o"
arm-none-eabi-gcc "../Driver/Src/stm32f407xx_gpio_driver.c" -mcpu=cortex-m4 -std=gnu11 -g3 -DDEBUG -DSTM32 -DSTM32F407G_DISC1 -DSTM32F4 -DSTM32F407VGTx -c -I"C:/Users/Hareesh/STM32CubeIDE/workspace_1.18.1/007_stm32f4xx_driver/Inc" -O0 -ffunction-sections -fdata-sections -Wall -fstack-usage -fcyclomatic-complexity -MMD -MP -MF"Driver/Src/stm32f407xx_gpio_driver.d" -MT"Driver/Src/stm32f407xx_gpio_driver.o" --specs=nano.specs -mfloat-abi=soft -mthumb -o "Driver/Src/stm32f407xx_gpio_driver.o"
../Driver/Src/stm32f407xx_gpio_driver.c:7:10: fatal error: stm32f407xx_gpio_drive.h: No such file or directory
    7 | #include "stm32f407xx_gpio_drive.h"
      |          ^~~~~~~~~~~~~~~~~~~~~~~~~~
compilation terminated.
make: *** [Driver/Src/subdir.mk:19: Driver/Src/stm32f407xx_gpio_driver.o] Error 1
"make -j2 all" terminated with exit code 2. Build might be incomplete.
07:20:45 **** Incremental Build of configuration Debug for project 007_stm32f4xx_driver ****
make -j2 all 
arm-none-eabi-gcc "../Driver/Src/stm32f407xx_gpio_driver.c" -mcpu=cortex-m4 -std=gnu11 -g3 -DDEBUG -DSTM32 -DSTM32F407G_DISC1 -DSTM32F4 -DSTM32F407VGTx -c -I"C:/Users/Hareesh/STM32CubeIDE/workspace_1.18.1/007_stm32f4xx_driver/Inc" -I"C:/Users/Hareesh/STM32CubeIDE/workspace_1.18.1/007_stm32f4xx_driver/Driver/Inc" -O0 -ffunction-sections -fdata-sections -Wall -fstack-usage -fcyclomatic-complexity -MMD -MP -MF"Driver/Src/stm32f407xx_gpio_driver.d" -MT"Driver/Src/stm32f407xx_gpio_driver.o" --specs=nano.specs -mfloat-abi=soft -mthumb -o "Driver/Src/stm32f407xx_gpio_driver.o"
arm-none-eabi-gcc -o "007_stm32f4xx_driver.elf" @"objects.list"   -mcpu=cortex-m4 -T"C:\Users\Hareesh\STM32CubeIDE\workspace_1.18.1\007_stm32f4xx_driver\STM32F407VGTX_FLASH.ld" --specs=nosys.specs -Wl,-Map="007_stm32f4xx_driver.map" -Wl,--gc-sections -static --specs=nano.specs -mfloat-abi=soft -mthumb -Wl,--start-group -lc -lm -Wl,--end-group
Finished building target: 007_stm32f4xx_driver.elf
 
arm-none-eabi-size  007_stm32f4xx_driver.elf 
arm-none-eabi-objdump -h -S 007_stm32f4xx_driver.elf  > "007_stm32f4xx_driver.list"
   text	   data	    bss	    dec	    hex	filename
    652	      0	   1568	   2220	    8ac	007_stm32f4xx_driver.elf
Finished building: default.size.stdout
 
Finished building: 007_stm32f4xx_driver.list
 
07:36:19 **** Incremental Build of configuration Debug for project 007_stm32f4xx_driver ****
make -j2 all 
arm-none-eabi-gcc "../Driver/Src/stm32f407xx_gpio_driver.c" -mcpu=cortex-m4 -std=gnu11 -g3 -DDEBUG -DSTM32 -DSTM32F407G_DISC1 -DSTM32F4 -DSTM32F407VGTx -c -I"C:/Users/Hareesh/STM32CubeIDE/workspace_1.18.1/007_stm32f4xx_driver/Inc" -I"C:/Users/Hareesh/STM32CubeIDE/workspace_1.18.1/007_stm32f4xx_driver/Driver/Inc" -O0 -ffunction-sections -fdata-sections -Wall -fstack-usage -fcyclomatic-complexity -MMD -MP -MF"Driver/Src/stm32f407xx_gpio_driver.d" -MT"Driver/Src/stm32f407xx_gpio_driver.o" --specs=nano.specs -mfloat-abi=soft -mthumb -o "Driver/Src/stm32f407xx_gpio_driver.o"
In file included from ../Driver/Src/stm32f407xx_gpio_driver.c:7:
C:/Users/Hareesh/STM32CubeIDE/workspace_1.18.1/007_stm32f4xx_driver/Driver/Inc/stm32f407xx_gpio_drive.h:25:9: error: unknown type name 'GPIO_config_t'
   25 |         GPIO_config_t   GPIO_confg;
      |         ^~~~~~~~~~~~~
make: *** [Driver/Src/subdir.mk:19: Driver/Src/stm32f407xx_gpio_driver.o] Error 1
"make -j2 all" terminated with exit code 2. Build might be incomplete.
07:36:37 **** Incremental Build of configuration Debug for project 007_stm32f4xx_driver ****
make -j2 all 
arm-none-eabi-gcc "../Driver/Src/stm32f407xx_gpio_driver.c" -mcpu=cortex-m4 -std=gnu11 -g3 -DDEBUG -DSTM32 -DSTM32F407G_DISC1 -DSTM32F4 -DSTM32F407VGTx -c -I"C:/Users/Hareesh/STM32CubeIDE/workspace_1.18.1/007_stm32f4xx_driver/Inc" -I"C:/Users/Hareesh/STM32CubeIDE/workspace_1.18.1/007_stm32f4xx_driver/Driver/Inc" -O0 -ffunction-sections -fdata-sections -Wall -fstack-usage -fcyclomatic-complexity -MMD -MP -MF"Driver/Src/stm32f407xx_gpio_driver.d" -MT"Driver/Src/stm32f407xx_gpio_driver.o" --specs=nano.specs -mfloat-abi=soft -mthumb -o "Driver/Src/stm32f407xx_gpio_driver.o"
arm-none-eabi-gcc -o "007_stm32f4xx_driver.elf" @"objects.list"   -mcpu=cortex-m4 -T"C:\Users\Hareesh\STM32CubeIDE\workspace_1.18.1\007_stm32f4xx_driver\STM32F407VGTX_FLASH.ld" --specs=nosys.specs -Wl,-Map="007_stm32f4xx_driver.map" -Wl,--gc-sections -static --specs=nano.specs -mfloat-abi=soft -mthumb -Wl,--start-group -lc -lm -Wl,--end-group
Finished building target: 007_stm32f4xx_driver.elf
 
arm-none-eabi-size  007_stm32f4xx_driver.elf 
arm-none-eabi-objdump -h -S 007_stm32f4xx_driver.elf  > "007_stm32f4xx_driver.list"
   text	   data	    bss	    dec	    hex	filename
    652	      0	   1568	   2220	    8ac	007_stm32f4xx_driver.elf
Finished building: default.size.stdout
 
Finished building: 007_stm32f4xx_driver.list
 
07:49:14 **** Incremental Build of configuration Debug for project 007_stm32f4xx_driver ****
make -j2 all 
arm-none-eabi-gcc "../Driver/Src/stm32f407xx_gpio_driver.c" -mcpu=cortex-m4 -std=gnu11 -g3 -DDEBUG -DSTM32 -DSTM32F407G_DISC1 -DSTM32F4 -DSTM32F407VGTx -c -I"C:/Users/Hareesh/STM32CubeIDE/workspace_1.18.1/007_stm32f4xx_driver/Inc" -I"C:/Users/Hareesh/STM32CubeIDE/workspace_1.18.1/007_stm32f4xx_driver/Driver/Inc" -O0 -ffunction-sections -fdata-sections -Wall -fstack-usage -fcyclomatic-complexity -MMD -MP -MF"Driver/Src/stm32f407xx_gpio_driver.d" -MT"Driver/Src/stm32f407xx_gpio_driver.o" --specs=nano.specs -mfloat-abi=soft -mthumb -o "Driver/Src/stm32f407xx_gpio_driver.o"
arm-none-eabi-gcc -o "007_stm32f4xx_driver.elf" @"objects.list"   -mcpu=cortex-m4 -T"C:\Users\Hareesh\STM32CubeIDE\workspace_1.18.1\007_stm32f4xx_driver\STM32F407VGTX_FLASH.ld" --specs=nosys.specs -Wl,-Map="007_stm32f4xx_driver.map" -Wl,--gc-sections -static --specs=nano.specs -mfloat-abi=soft -mthumb -Wl,--start-group -lc -lm -Wl,--end-group
Finished building target: 007_stm32f4xx_driver.elf
 
arm-none-eabi-size  007_stm32f4xx_driver.elf 
arm-none-eabi-objdump -h -S 007_stm32f4xx_driver.elf  > "007_stm32f4xx_driver.list"
   text	   data	    bss	    dec	    hex	filename
    652	      0	   1568	   2220	    8ac	007_stm32f4xx_driver.elf
Finished building: default.size.stdout
 
Finished building: 007_stm32f4xx_driver.list
 
08:05:37 **** Incremental Build of configuration Debug for project 007_stm32f4xx_driver ****
make -j2 all 
arm-none-eabi-gcc "../Src/main.c" -mcpu=cortex-m4 -std=gnu11 -g3 -DDEBUG -DSTM32 -DSTM32F407G_DISC1 -DSTM32F4 -DSTM32F407VGTx -c -I"C:/Users/Hareesh/STM32CubeIDE/workspace_1.18.1/007_stm32f4xx_driver/Inc" -O0 -ffunction-sections -fdata-sections -Wall -fstack-usage -fcyclomatic-complexity -MMD -MP -MF"Src/main.d" -MT"Src/main.o" --specs=nano.specs -mfloat-abi=soft -mthumb -o "Src/main.o"
arm-none-eabi-gcc "../Driver/Src/stm32f407xx_gpio_driver.c" -mcpu=cortex-m4 -std=gnu11 -g3 -DDEBUG -DSTM32 -DSTM32F407G_DISC1 -DSTM32F4 -DSTM32F407VGTx -c -I"C:/Users/Hareesh/STM32CubeIDE/workspace_1.18.1/007_stm32f4xx_driver/Inc" -I"C:/Users/Hareesh/STM32CubeIDE/workspace_1.18.1/007_stm32f4xx_driver/Driver/Inc" -O0 -ffunction-sections -fdata-sections -Wall -fstack-usage -fcyclomatic-complexity -MMD -MP -MF"Driver/Src/stm32f407xx_gpio_driver.d" -MT"Driver/Src/stm32f407xx_gpio_driver.o" --specs=nano.specs -mfloat-abi=soft -mthumb -o "Driver/Src/stm32f407xx_gpio_driver.o"
In file included from ../Driver/Src/stm32f407xx_gpio_driver.c:7:
C:/Users/Hareesh/STM32CubeIDE/workspace_1.18.1/007_stm32f4xx_driver/Driver/Inc/stm32f407xx_gpio_drive.h:38:56: error: expected declaration specifiers or '...' before ')' token
   38 | uint16_t GPIO_ReadfromInputPort(GPIOx_RegDef_t *pGPIOx,);
      |                                                        ^
make: *** [Driver/Src/subdir.mk:19: Driver/Src/stm32f407xx_gpio_driver.o] Error 1
make: *** Waiting for unfinished jobs....
"make -j2 all" terminated with exit code 2. Build might be incomplete.
08:07:45 **** Incremental Build of configuration Debug for project 007_stm32f4xx_driver ****
make -j2 all 
arm-none-eabi-gcc "../Driver/Src/stm32f407xx_gpio_driver.c" -mcpu=cortex-m4 -std=gnu11 -g3 -DDEBUG -DSTM32 -DSTM32F407G_DISC1 -DSTM32F4 -DSTM32F407VGTx -c -I"C:/Users/Hareesh/STM32CubeIDE/workspace_1.18.1/007_stm32f4xx_driver/Inc" -I"C:/Users/Hareesh/STM32CubeIDE/workspace_1.18.1/007_stm32f4xx_driver/Driver/Inc" -O0 -ffunction-sections -fdata-sections -Wall -fstack-usage -fcyclomatic-complexity -MMD -MP -MF"Driver/Src/stm32f407xx_gpio_driver.d" -MT"Driver/Src/stm32f407xx_gpio_driver.o" --specs=nano.specs -mfloat-abi=soft -mthumb -o "Driver/Src/stm32f407xx_gpio_driver.o"
arm-none-eabi-gcc -o "007_stm32f4xx_driver.elf" @"objects.list"   -mcpu=cortex-m4 -T"C:\Users\Hareesh\STM32CubeIDE\workspace_1.18.1\007_stm32f4xx_driver\STM32F407VGTX_FLASH.ld" --specs=nosys.specs -Wl,-Map="007_stm32f4xx_driver.map" -Wl,--gc-sections -static --specs=nano.specs -mfloat-abi=soft -mthumb -Wl,--start-group -lc -lm -Wl,--end-group
Finished building target: 007_stm32f4xx_driver.elf
 
arm-none-eabi-size  007_stm32f4xx_driver.elf 
arm-none-eabi-objdump -h -S 007_stm32f4xx_driver.elf  > "007_stm32f4xx_driver.list"
   text	   data	    bss	    dec	    hex	filename
    652	      0	   1568	   2220	    8ac	007_stm32f4xx_driver.elf
Finished building: default.size.stdout
 
Finished building: 007_stm32f4xx_driver.list
 
08:08:05 **** Incremental Build of configuration Debug for project 007_stm32f4xx_driver ****
make -j2 all 
arm-none-eabi-gcc "../Driver/Src/stm32f407xx_gpio_driver.c" -mcpu=cortex-m4 -std=gnu11 -g3 -DDEBUG -DSTM32 -DSTM32F407G_DISC1 -DSTM32F4 -DSTM32F407VGTx -c -I"C:/Users/Hareesh/STM32CubeIDE/workspace_1.18.1/007_stm32f4xx_driver/Inc" -I"C:/Users/Hareesh/STM32CubeIDE/workspace_1.18.1/007_stm32f4xx_driver/Driver/Inc" -O0 -ffunction-sections -fdata-sections -Wall -fstack-usage -fcyclomatic-complexity -MMD -MP -MF"Driver/Src/stm32f407xx_gpio_driver.d" -MT"Driver/Src/stm32f407xx_gpio_driver.o" --specs=nano.specs -mfloat-abi=soft -mthumb -o "Driver/Src/stm32f407xx_gpio_driver.o"
arm-none-eabi-gcc -o "007_stm32f4xx_driver.elf" @"objects.list"   -mcpu=cortex-m4 -T"C:\Users\Hareesh\STM32CubeIDE\workspace_1.18.1\007_stm32f4xx_driver\STM32F407VGTX_FLASH.ld" --specs=nosys.specs -Wl,-Map="007_stm32f4xx_driver.map" -Wl,--gc-sections -static --specs=nano.specs -mfloat-abi=soft -mthumb -Wl,--start-group -lc -lm -Wl,--end-group
Finished building target: 007_stm32f4xx_driver.elf
 
arm-none-eabi-size  007_stm32f4xx_driver.elf 
arm-none-eabi-objdump -h -S 007_stm32f4xx_driver.elf  > "007_stm32f4xx_driver.list"
   text	   data	    bss	    dec	    hex	filename
    652	      0	   1568	   2220	    8ac	007_stm32f4xx_driver.elf
Finished building: default.size.stdout
 
Finished building: 007_stm32f4xx_driver.list
 
08:29:20 **** Incremental Build of configuration Debug for project 007_stm32f4xx_driver ****
make -j2 all 
arm-none-eabi-gcc "../Driver/Src/stm32f407xx_gpio_driver.c" -mcpu=cortex-m4 -std=gnu11 -g3 -DDEBUG -DSTM32 -DSTM32F407G_DISC1 -DSTM32F4 -DSTM32F407VGTx -c -I"C:/Users/Hareesh/STM32CubeIDE/workspace_1.18.1/007_stm32f4xx_driver/Inc" -I"C:/Users/Hareesh/STM32CubeIDE/workspace_1.18.1/007_stm32f4xx_driver/Driver/Inc" -O0 -ffunction-sections -fdata-sections -Wall -fstack-usage -fcyclomatic-complexity -MMD -MP -MF"Driver/Src/stm32f407xx_gpio_driver.d" -MT"Driver/Src/stm32f407xx_gpio_driver.o" --specs=nano.specs -mfloat-abi=soft -mthumb -o "Driver/Src/stm32f407xx_gpio_driver.o"
../Driver/Src/stm32f407xx_gpio_driver.c: In function 'GPIO_PeripClkCntr':
../Driver/Src/stm32f407xx_gpio_driver.c:25:29: error: 'Enable' undeclared (first use in this function)
   25 |                 if (EnorDI==Enable){
      |                             ^~~~~~
../Driver/Src/stm32f407xx_gpio_driver.c:25:29: note: each undeclared identifier is reported only once for each function it appears in
In file included from C:/Users/Hareesh/STM32CubeIDE/workspace_1.18.1/007_stm32f4xx_driver/Driver/Inc/stm32f407xx_gpio_drive.h:11,
                 from ../Driver/Src/stm32f407xx_gpio_driver.c:7:
C:/Users/Hareesh/STM32CubeIDE/workspace_1.18.1/007_stm32f4xx_driver/Inc/stm32f407xx.h:146:36: error: invalid type argument of '->' (have 'int')
  146 | #define GPIOA_PCLK_EN           RCC->AHBENR[0]|=(1<<0)
      |                                    ^~
../Driver/Src/stm32f407xx_gpio_driver.c:27:33: note: in expansion of macro 'GPIOA_PCLK_EN'
   27 |                                 GPIOA_PCLK_EN;
      |                                 ^~~~~~~~~~~~~
C:/Users/Hareesh/STM32CubeIDE/workspace_1.18.1/007_stm32f4xx_driver/Inc/stm32f407xx.h:147:36: error: invalid type argument of '->' (have 'int')
  147 | #define GPIOB_PCLK_EN           RCC->AHBENR[0]|=(1<<1)
      |                                    ^~
../Driver/Src/stm32f407xx_gpio_driver.c:29:41: note: in expansion of macro 'GPIOB_PCLK_EN'
   29 |                                         GPIOB_PCLK_EN;
      |                                         ^~~~~~~~~~~~~
C:/Users/Hareesh/STM32CubeIDE/workspace_1.18.1/007_stm32f4xx_driver/Inc/stm32f407xx.h:47:65: error: invalid digit "8" in octal constant
   47 | #define GPIOC_BASEADDRESS               AHB1_PERIPH_BASEADDRESS+0800
      |                                                                 ^~~~
C:/Users/Hareesh/STM32CubeIDE/workspace_1.18.1/007_stm32f4xx_driver/Inc/stm32f407xx.h:130:35: note: in expansion of macro 'GPIOC_BASEADDRESS'
  130 | #define GPIOC   ((GPIOx_RegDef_t*)GPIOC_BASEADDRESS)
      |                                   ^~~~~~~~~~~~~~~~~
../Driver/Src/stm32f407xx_gpio_driver.c:30:42: note: in expansion of macro 'GPIOC'
   30 |                         else if (pGPIOx==GPIOC)
      |                                          ^~~~~
C:/Users/Hareesh/STM32CubeIDE/workspace_1.18.1/007_stm32f4xx_driver/Inc/stm32f407xx.h:148:36: error: invalid type argument of '->' (have 'int')
  148 | #define GPIOC_PCLK_EN           RCC->AHBENR[0]|=(1<<2)
      |                                    ^~
../Driver/Src/stm32f407xx_gpio_driver.c:31:41: note: in expansion of macro 'GPIOC_PCLK_EN'
   31 |                                         GPIOC_PCLK_EN;
      |                                         ^~~~~~~~~~~~~
C:/Users/Hareesh/STM32CubeIDE/workspace_1.18.1/007_stm32f4xx_driver/Inc/stm32f407xx.h:48:65: error: invalid suffix "C00" on integer constant
   48 | #define GPIOD_BASEADDRESS               AHB1_PERIPH_BASEADDRESS+0C00
      |                                                                 ^~~~
C:/Users/Hareesh/STM32CubeIDE/workspace_1.18.1/007_stm32f4xx_driver/Inc/stm32f407xx.h:131:35: note: in expansion of macro 'GPIOD_BASEADDRESS'
  131 | #define GPIOD   ((GPIOx_RegDef_t*)GPIOD_BASEADDRESS)
      |                                   ^~~~~~~~~~~~~~~~~
../Driver/Src/stm32f407xx_gpio_driver.c:32:42: note: in expansion of macro 'GPIOD'
   32 |                         else if (pGPIOx==GPIOD)
      |                                          ^~~~~
C:/Users/Hareesh/STM32CubeIDE/workspace_1.18.1/007_stm32f4xx_driver/Inc/stm32f407xx.h:149:36: error: invalid type argument of '->' (have 'int')
  149 | #define GPIOD_PCLK_EN           RCC->AHBENR[0]|=(1<<3)
      |                                    ^~
../Driver/Src/stm32f407xx_gpio_driver.c:33:37: note: in expansion of macro 'GPIOD_PCLK_EN'
   33 |                                     GPIOD_PCLK_EN;
      |                                     ^~~~~~~~~~~~~
C:/Users/Hareesh/STM32CubeIDE/workspace_1.18.1/007_stm32f4xx_driver/Inc/stm32f407xx.h:150:36: error: invalid type argument of '->' (have 'int')
  150 | #define GPIOE_PCLK_EN           RCC->AHBENR[0]|=(1<<4)
      |                                    ^~
../Driver/Src/stm32f407xx_gpio_driver.c:35:41: note: in expansion of macro 'GPIOE_PCLK_EN'
   35 |                                         GPIOE_PCLK_EN;
      |                                         ^~~~~~~~~~~~~
C:/Users/Hareesh/STM32CubeIDE/workspace_1.18.1/007_stm32f4xx_driver/Inc/stm32f407xx.h:151:36: error: invalid type argument of '->' (have 'int')
  151 | #define GPIOF_PCLK_EN           RCC->AHBENR[0]|=(1<<5)
      |                                    ^~
../Driver/Src/stm32f407xx_gpio_driver.c:37:41: note: in expansion of macro 'GPIOF_PCLK_EN'
   37 |                                         GPIOF_PCLK_EN;
      |                                         ^~~~~~~~~~~~~
C:/Users/Hareesh/STM32CubeIDE/workspace_1.18.1/007_stm32f4xx_driver/Inc/stm32f407xx.h:152:36: error: invalid type argument of '->' (have 'int')
  152 | #define GPIOG_PCLK_EN           RCC->AHBENR[0]|=(1<<6)
      |                                    ^~
../Driver/Src/stm32f407xx_gpio_driver.c:39:41: note: in expansion of macro 'GPIOG_PCLK_EN'
   39 |                                         GPIOG_PCLK_EN;
      |                                         ^~~~~~~~~~~~~
C:/Users/Hareesh/STM32CubeIDE/workspace_1.18.1/007_stm32f4xx_driver/Inc/stm32f407xx.h:52:65: error: invalid suffix "C00" on integer constant
   52 | #define GPIOH_BASEADDRESS               AHB1_PERIPH_BASEADDRESS+1C00
      |                                                                 ^~~~
C:/Users/Hareesh/STM32CubeIDE/workspace_1.18.1/007_stm32f4xx_driver/Inc/stm32f407xx.h:135:35: note: in expansion of macro 'GPIOH_BASEADDRESS'
  135 | #define GPIOH   ((GPIOx_RegDef_t*)GPIOH_BASEADDRESS)
      |                                   ^~~~~~~~~~~~~~~~~
../Driver/Src/stm32f407xx_gpio_driver.c:40:42: note: in expansion of macro 'GPIOH'
   40 |                         else if (pGPIOx==GPIOH)
      |                                          ^~~~~
C:/Users/Hareesh/STM32CubeIDE/workspace_1.18.1/007_stm32f4xx_driver/Inc/stm32f407xx.h:153:32: error: invalid type argument of '->' (have 'int')
  153 | #define GPIOH_PCLK_EN       RCC->AHBENR[0]|=(1<<7)
      |                                ^~
../Driver/Src/stm32f407xx_gpio_driver.c:41:41: note: in expansion of macro 'GPIOH_PCLK_EN'
   41 |                                         GPIOH_PCLK_EN;
      |                                         ^~~~~~~~~~~~~
C:/Users/Hareesh/STM32CubeIDE/workspace_1.18.1/007_stm32f4xx_driver/Inc/stm32f407xx.h:154:36: error: invalid type argument of '->' (have 'int')
  154 | #define GPIOI_PCLK_EN           RCC->AHBENR[0]|=(1<<8)
      |                                    ^~
../Driver/Src/stm32f407xx_gpio_driver.c:43:41: note: in expansion of macro 'GPIOI_PCLK_EN'
   43 |                                         GPIOI_PCLK_EN;
      |                                         ^~~~~~~~~~~~~
C:/Users/Hareesh/STM32CubeIDE/workspace_1.18.1/007_stm32f4xx_driver/Inc/stm32f407xx.h:155:36: error: invalid type argument of '->' (have 'int')
  155 | #define GPIOJ_PCLK_EN           RCC->AHBENR[0]|=(1<<9)
      |                                    ^~
../Driver/Src/stm32f407xx_gpio_driver.c:45:41: note: in expansion of macro 'GPIOJ_PCLK_EN'
   45 |                                         GPIOJ_PCLK_EN;
      |                                         ^~~~~~~~~~~~~
C:/Users/Hareesh/STM32CubeIDE/workspace_1.18.1/007_stm32f4xx_driver/Inc/stm32f407xx.h:156:36: error: invalid type argument of '->' (have 'int')
  156 | #define GPIOK_PCLK_EN           RCC->AHBENR[0]|=(1<<10)
      |                                    ^~
../Driver/Src/stm32f407xx_gpio_driver.c:47:37: note: in expansion of macro 'GPIOK_PCLK_EN'
   47 |                                     GPIOK_PCLK_EN;
      |                                     ^~~~~~~~~~~~~
make: *** [Driver/Src/subdir.mk:19: Driver/Src/stm32f407xx_gpio_driver.o] Error 1
"make -j2 all" terminated with exit code 2. Build might be incomplete.
12:13:13 **** Incremental Build of configuration Debug for project 007_stm32f4xx_driver ****
make -j2 all 
arm-none-eabi-gcc "../Driver/Src/stm32f407xx_gpio_driver.c" -mcpu=cortex-m4 -std=gnu11 -g3 -DDEBUG -DSTM32 -DSTM32F407G_DISC1 -DSTM32F4 -DSTM32F407VGTx -c -I"C:/Users/Hareesh/STM32CubeIDE/workspace_1.18.1/007_stm32f4xx_driver/Inc" -I"C:/Users/Hareesh/STM32CubeIDE/workspace_1.18.1/007_stm32f4xx_driver/Driver/Inc" -O0 -ffunction-sections -fdata-sections -Wall -fstack-usage -fcyclomatic-complexity -MMD -MP -MF"Driver/Src/stm32f407xx_gpio_driver.d" -MT"Driver/Src/stm32f407xx_gpio_driver.o" --specs=nano.specs -mfloat-abi=soft -mthumb -o "Driver/Src/stm32f407xx_gpio_driver.o"
../Driver/Src/stm32f407xx_gpio_driver.c: In function 'GPIO_PeripClkCntr':
../Driver/Src/stm32f407xx_gpio_driver.c:25:29: error: 'Enable' undeclared (first use in this function)
   25 |                 if (EnorDI==Enable){
      |                             ^~~~~~
../Driver/Src/stm32f407xx_gpio_driver.c:25:29: note: each undeclared identifier is reported only once for each function it appears in
In file included from C:/Users/Hareesh/STM32CubeIDE/workspace_1.18.1/007_stm32f4xx_driver/Driver/Inc/stm32f407xx_gpio_drive.h:11,
                 from ../Driver/Src/stm32f407xx_gpio_driver.c:7:
C:/Users/Hareesh/STM32CubeIDE/workspace_1.18.1/007_stm32f4xx_driver/Inc/stm32f407xx.h:146:36: error: invalid type argument of '->' (have 'int')
  146 | #define GPIOA_PCLK_EN           RCC->AHBENR[0]|=(1<<0)
      |                                    ^~
../Driver/Src/stm32f407xx_gpio_driver.c:27:33: note: in expansion of macro 'GPIOA_PCLK_EN'
   27 |                                 GPIOA_PCLK_EN;
      |                                 ^~~~~~~~~~~~~
C:/Users/Hareesh/STM32CubeIDE/workspace_1.18.1/007_stm32f4xx_driver/Inc/stm32f407xx.h:147:36: error: invalid type argument of '->' (have 'int')
  147 | #define GPIOB_PCLK_EN           RCC->AHBENR[0]|=(1<<1)
      |                                    ^~
../Driver/Src/stm32f407xx_gpio_driver.c:29:41: note: in expansion of macro 'GPIOB_PCLK_EN'
   29 |                                         GPIOB_PCLK_EN;
      |                                         ^~~~~~~~~~~~~
C:/Users/Hareesh/STM32CubeIDE/workspace_1.18.1/007_stm32f4xx_driver/Inc/stm32f407xx.h:47:65: error: invalid digit "8" in octal constant
   47 | #define GPIOC_BASEADDRESS               AHB1_PERIPH_BASEADDRESS+0800
      |                                                                 ^~~~
C:/Users/Hareesh/STM32CubeIDE/workspace_1.18.1/007_stm32f4xx_driver/Inc/stm32f407xx.h:130:35: note: in expansion of macro 'GPIOC_BASEADDRESS'
  130 | #define GPIOC   ((GPIOx_RegDef_t*)GPIOC_BASEADDRESS)
      |                                   ^~~~~~~~~~~~~~~~~
../Driver/Src/stm32f407xx_gpio_driver.c:30:42: note: in expansion of macro 'GPIOC'
   30 |                         else if (pGPIOx==GPIOC)
      |                                          ^~~~~
C:/Users/Hareesh/STM32CubeIDE/workspace_1.18.1/007_stm32f4xx_driver/Inc/stm32f407xx.h:148:36: error: invalid type argument of '->' (have 'int')
  148 | #define GPIOC_PCLK_EN           RCC->AHBENR[0]|=(1<<2)
      |                                    ^~
../Driver/Src/stm32f407xx_gpio_driver.c:31:41: note: in expansion of macro 'GPIOC_PCLK_EN'
   31 |                                         GPIOC_PCLK_EN;
      |                                         ^~~~~~~~~~~~~
C:/Users/Hareesh/STM32CubeIDE/workspace_1.18.1/007_stm32f4xx_driver/Inc/stm32f407xx.h:48:65: error: invalid suffix "C00" on integer constant
   48 | #define GPIOD_BASEADDRESS               AHB1_PERIPH_BASEADDRESS+0C00
      |                                                                 ^~~~
C:/Users/Hareesh/STM32CubeIDE/workspace_1.18.1/007_stm32f4xx_driver/Inc/stm32f407xx.h:131:35: note: in expansion of macro 'GPIOD_BASEADDRESS'
  131 | #define GPIOD   ((GPIOx_RegDef_t*)GPIOD_BASEADDRESS)
      |                                   ^~~~~~~~~~~~~~~~~
../Driver/Src/stm32f407xx_gpio_driver.c:32:42: note: in expansion of macro 'GPIOD'
   32 |                         else if (pGPIOx==GPIOD)
      |                                          ^~~~~
C:/Users/Hareesh/STM32CubeIDE/workspace_1.18.1/007_stm32f4xx_driver/Inc/stm32f407xx.h:149:36: error: invalid type argument of '->' (have 'int')
  149 | #define GPIOD_PCLK_EN           RCC->AHBENR[0]|=(1<<3)
      |                                    ^~
../Driver/Src/stm32f407xx_gpio_driver.c:33:37: note: in expansion of macro 'GPIOD_PCLK_EN'
   33 |                                     GPIOD_PCLK_EN;
      |                                     ^~~~~~~~~~~~~
C:/Users/Hareesh/STM32CubeIDE/workspace_1.18.1/007_stm32f4xx_driver/Inc/stm32f407xx.h:150:36: error: invalid type argument of '->' (have 'int')
  150 | #define GPIOE_PCLK_EN           RCC->AHBENR[0]|=(1<<4)
      |                                    ^~
../Driver/Src/stm32f407xx_gpio_driver.c:35:41: note: in expansion of macro 'GPIOE_PCLK_EN'
   35 |                                         GPIOE_PCLK_EN;
      |                                         ^~~~~~~~~~~~~
C:/Users/Hareesh/STM32CubeIDE/workspace_1.18.1/007_stm32f4xx_driver/Inc/stm32f407xx.h:151:36: error: invalid type argument of '->' (have 'int')
  151 | #define GPIOF_PCLK_EN           RCC->AHBENR[0]|=(1<<5)
      |                                    ^~
../Driver/Src/stm32f407xx_gpio_driver.c:37:41: note: in expansion of macro 'GPIOF_PCLK_EN'
   37 |                                         GPIOF_PCLK_EN;
      |                                         ^~~~~~~~~~~~~
C:/Users/Hareesh/STM32CubeIDE/workspace_1.18.1/007_stm32f4xx_driver/Inc/stm32f407xx.h:152:36: error: invalid type argument of '->' (have 'int')
  152 | #define GPIOG_PCLK_EN           RCC->AHBENR[0]|=(1<<6)
      |                                    ^~
../Driver/Src/stm32f407xx_gpio_driver.c:39:41: note: in expansion of macro 'GPIOG_PCLK_EN'
   39 |                                         GPIOG_PCLK_EN;
      |                                         ^~~~~~~~~~~~~
C:/Users/Hareesh/STM32CubeIDE/workspace_1.18.1/007_stm32f4xx_driver/Inc/stm32f407xx.h:52:65: error: invalid suffix "C00" on integer constant
   52 | #define GPIOH_BASEADDRESS               AHB1_PERIPH_BASEADDRESS+1C00
      |                                                                 ^~~~
C:/Users/Hareesh/STM32CubeIDE/workspace_1.18.1/007_stm32f4xx_driver/Inc/stm32f407xx.h:135:35: note: in expansion of macro 'GPIOH_BASEADDRESS'
  135 | #define GPIOH   ((GPIOx_RegDef_t*)GPIOH_BASEADDRESS)
      |                                   ^~~~~~~~~~~~~~~~~
../Driver/Src/stm32f407xx_gpio_driver.c:40:42: note: in expansion of macro 'GPIOH'
   40 |                         else if (pGPIOx==GPIOH)
      |                                          ^~~~~
C:/Users/Hareesh/STM32CubeIDE/workspace_1.18.1/007_stm32f4xx_driver/Inc/stm32f407xx.h:153:32: error: invalid type argument of '->' (have 'int')
  153 | #define GPIOH_PCLK_EN       RCC->AHBENR[0]|=(1<<7)
      |                                ^~
../Driver/Src/stm32f407xx_gpio_driver.c:41:41: note: in expansion of macro 'GPIOH_PCLK_EN'
   41 |                                         GPIOH_PCLK_EN;
      |                                         ^~~~~~~~~~~~~
C:/Users/Hareesh/STM32CubeIDE/workspace_1.18.1/007_stm32f4xx_driver/Inc/stm32f407xx.h:154:36: error: invalid type argument of '->' (have 'int')
  154 | #define GPIOI_PCLK_EN           RCC->AHBENR[0]|=(1<<8)
      |                                    ^~
../Driver/Src/stm32f407xx_gpio_driver.c:43:41: note: in expansion of macro 'GPIOI_PCLK_EN'
   43 |                                         GPIOI_PCLK_EN;
      |                                         ^~~~~~~~~~~~~
C:/Users/Hareesh/STM32CubeIDE/workspace_1.18.1/007_stm32f4xx_driver/Inc/stm32f407xx.h:155:36: error: invalid type argument of '->' (have 'int')
  155 | #define GPIOJ_PCLK_EN           RCC->AHBENR[0]|=(1<<9)
      |                                    ^~
../Driver/Src/stm32f407xx_gpio_driver.c:45:41: note: in expansion of macro 'GPIOJ_PCLK_EN'
   45 |                                         GPIOJ_PCLK_EN;
      |                                         ^~~~~~~~~~~~~
C:/Users/Hareesh/STM32CubeIDE/workspace_1.18.1/007_stm32f4xx_driver/Inc/stm32f407xx.h:156:36: error: invalid type argument of '->' (have 'int')
  156 | #define GPIOK_PCLK_EN           RCC->AHBENR[0]|=(1<<10)
      |                                    ^~
../Driver/Src/stm32f407xx_gpio_driver.c:47:37: note: in expansion of macro 'GPIOK_PCLK_EN'
   47 |                                     GPIOK_PCLK_EN;
      |                                     ^~~~~~~~~~~~~
make: *** [Driver/Src/subdir.mk:19: Driver/Src/stm32f407xx_gpio_driver.o] Error 1
"make -j2 all" terminated with exit code 2. Build might be incomplete.
12:14:06 **** Incremental Build of configuration Debug for project 007_stm32f4xx_driver ****
make -j2 all 
arm-none-eabi-gcc "../Driver/Src/stm32f407xx_gpio_driver.c" -mcpu=cortex-m4 -std=gnu11 -g3 -DDEBUG -DSTM32 -DSTM32F407G_DISC1 -DSTM32F4 -DSTM32F407VGTx -c -I"C:/Users/Hareesh/STM32CubeIDE/workspace_1.18.1/007_stm32f4xx_driver/Inc" -I"C:/Users/Hareesh/STM32CubeIDE/workspace_1.18.1/007_stm32f4xx_driver/Driver/Inc" -O0 -ffunction-sections -fdata-sections -Wall -fstack-usage -fcyclomatic-complexity -MMD -MP -MF"Driver/Src/stm32f407xx_gpio_driver.d" -MT"Driver/Src/stm32f407xx_gpio_driver.o" --specs=nano.specs -mfloat-abi=soft -mthumb -o "Driver/Src/stm32f407xx_gpio_driver.o"
arm-none-eabi-gcc -o "007_stm32f4xx_driver.elf" @"objects.list"   -mcpu=cortex-m4 -T"C:\Users\Hareesh\STM32CubeIDE\workspace_1.18.1\007_stm32f4xx_driver\STM32F407VGTX_FLASH.ld" --specs=nosys.specs -Wl,-Map="007_stm32f4xx_driver.map" -Wl,--gc-sections -static --specs=nano.specs -mfloat-abi=soft -mthumb -Wl,--start-group -lc -lm -Wl,--end-group
Finished building target: 007_stm32f4xx_driver.elf
 
arm-none-eabi-size  007_stm32f4xx_driver.elf 
arm-none-eabi-objdump -h -S 007_stm32f4xx_driver.elf  > "007_stm32f4xx_driver.list"
   text	   data	    bss	    dec	    hex	filename
    652	      0	   1568	   2220	    8ac	007_stm32f4xx_driver.elf
Finished building: default.size.stdout
 
Finished building: 007_stm32f4xx_driver.list
 
12:16:41 **** Incremental Build of configuration Debug for project 007_stm32f4xx_driver ****
make -j2 all 
arm-none-eabi-gcc "../Driver/Src/stm32f407xx_gpio_driver.c" -mcpu=cortex-m4 -std=gnu11 -g3 -DDEBUG -DSTM32 -DSTM32F407G_DISC1 -DSTM32F4 -DSTM32F407VGTx -c -I"C:/Users/Hareesh/STM32CubeIDE/workspace_1.18.1/007_stm32f4xx_driver/Inc" -I"C:/Users/Hareesh/STM32CubeIDE/workspace_1.18.1/007_stm32f4xx_driver/Driver/Inc" -O0 -ffunction-sections -fdata-sections -Wall -fstack-usage -fcyclomatic-complexity -MMD -MP -MF"Driver/Src/stm32f407xx_gpio_driver.d" -MT"Driver/Src/stm32f407xx_gpio_driver.o" --specs=nano.specs -mfloat-abi=soft -mthumb -o "Driver/Src/stm32f407xx_gpio_driver.o"
In file included from C:/Users/Hareesh/STM32CubeIDE/workspace_1.18.1/007_stm32f4xx_driver/Driver/Inc/stm32f407xx_gpio_drive.h:11,
                 from ../Driver/Src/stm32f407xx_gpio_driver.c:7:
../Driver/Src/stm32f407xx_gpio_driver.c: In function 'GPIO_PeripClkCntr':
C:/Users/Hareesh/STM32CubeIDE/workspace_1.18.1/007_stm32f4xx_driver/Inc/stm32f407xx.h:146:36: error: invalid type argument of '->' (have 'int')
  146 | #define GPIOA_PCLK_EN           RCC->AHBENR[0]|=(1<<0)
      |                                    ^~
../Driver/Src/stm32f407xx_gpio_driver.c:27:33: note: in expansion of macro 'GPIOA_PCLK_EN'
   27 |                                 GPIOA_PCLK_EN;
      |                                 ^~~~~~~~~~~~~
C:/Users/Hareesh/STM32CubeIDE/workspace_1.18.1/007_stm32f4xx_driver/Inc/stm32f407xx.h:147:36: error: invalid type argument of '->' (have 'int')
  147 | #define GPIOB_PCLK_EN           RCC->AHBENR[0]|=(1<<1)
      |                                    ^~
../Driver/Src/stm32f407xx_gpio_driver.c:29:41: note: in expansion of macro 'GPIOB_PCLK_EN'
   29 |                                         GPIOB_PCLK_EN;
      |                                         ^~~~~~~~~~~~~
C:/Users/Hareesh/STM32CubeIDE/workspace_1.18.1/007_stm32f4xx_driver/Inc/stm32f407xx.h:47:65: error: invalid digit "8" in octal constant
   47 | #define GPIOC_BASEADDRESS               AHB1_PERIPH_BASEADDRESS+0800
      |                                                                 ^~~~
C:/Users/Hareesh/STM32CubeIDE/workspace_1.18.1/007_stm32f4xx_driver/Inc/stm32f407xx.h:130:35: note: in expansion of macro 'GPIOC_BASEADDRESS'
  130 | #define GPIOC   ((GPIOx_RegDef_t*)GPIOC_BASEADDRESS)
      |                                   ^~~~~~~~~~~~~~~~~
../Driver/Src/stm32f407xx_gpio_driver.c:30:42: note: in expansion of macro 'GPIOC'
   30 |                         else if (pGPIOx==GPIOC)
      |                                          ^~~~~
C:/Users/Hareesh/STM32CubeIDE/workspace_1.18.1/007_stm32f4xx_driver/Inc/stm32f407xx.h:148:36: error: invalid type argument of '->' (have 'int')
  148 | #define GPIOC_PCLK_EN           RCC->AHBENR[0]|=(1<<2)
      |                                    ^~
../Driver/Src/stm32f407xx_gpio_driver.c:31:41: note: in expansion of macro 'GPIOC_PCLK_EN'
   31 |                                         GPIOC_PCLK_EN;
      |                                         ^~~~~~~~~~~~~
C:/Users/Hareesh/STM32CubeIDE/workspace_1.18.1/007_stm32f4xx_driver/Inc/stm32f407xx.h:48:65: error: invalid suffix "C00" on integer constant
   48 | #define GPIOD_BASEADDRESS               AHB1_PERIPH_BASEADDRESS+0C00
      |                                                                 ^~~~
C:/Users/Hareesh/STM32CubeIDE/workspace_1.18.1/007_stm32f4xx_driver/Inc/stm32f407xx.h:131:35: note: in expansion of macro 'GPIOD_BASEADDRESS'
  131 | #define GPIOD   ((GPIOx_RegDef_t*)GPIOD_BASEADDRESS)
      |                                   ^~~~~~~~~~~~~~~~~
../Driver/Src/stm32f407xx_gpio_driver.c:32:42: note: in expansion of macro 'GPIOD'
   32 |                         else if (pGPIOx==GPIOD)
      |                                          ^~~~~
C:/Users/Hareesh/STM32CubeIDE/workspace_1.18.1/007_stm32f4xx_driver/Inc/stm32f407xx.h:149:36: error: invalid type argument of '->' (have 'int')
  149 | #define GPIOD_PCLK_EN           RCC->AHBENR[0]|=(1<<3)
      |                                    ^~
../Driver/Src/stm32f407xx_gpio_driver.c:33:37: note: in expansion of macro 'GPIOD_PCLK_EN'
   33 |                                     GPIOD_PCLK_EN;
      |                                     ^~~~~~~~~~~~~
C:/Users/Hareesh/STM32CubeIDE/workspace_1.18.1/007_stm32f4xx_driver/Inc/stm32f407xx.h:150:36: error: invalid type argument of '->' (have 'int')
  150 | #define GPIOE_PCLK_EN           RCC->AHBENR[0]|=(1<<4)
      |                                    ^~
../Driver/Src/stm32f407xx_gpio_driver.c:35:41: note: in expansion of macro 'GPIOE_PCLK_EN'
   35 |                                         GPIOE_PCLK_EN;
      |                                         ^~~~~~~~~~~~~
C:/Users/Hareesh/STM32CubeIDE/workspace_1.18.1/007_stm32f4xx_driver/Inc/stm32f407xx.h:151:36: error: invalid type argument of '->' (have 'int')
  151 | #define GPIOF_PCLK_EN           RCC->AHBENR[0]|=(1<<5)
      |                                    ^~
../Driver/Src/stm32f407xx_gpio_driver.c:37:41: note: in expansion of macro 'GPIOF_PCLK_EN'
   37 |                                         GPIOF_PCLK_EN;
      |                                         ^~~~~~~~~~~~~
C:/Users/Hareesh/STM32CubeIDE/workspace_1.18.1/007_stm32f4xx_driver/Inc/stm32f407xx.h:152:36: error: invalid type argument of '->' (have 'int')
  152 | #define GPIOG_PCLK_EN           RCC->AHBENR[0]|=(1<<6)
      |                                    ^~
../Driver/Src/stm32f407xx_gpio_driver.c:39:41: note: in expansion of macro 'GPIOG_PCLK_EN'
   39 |                                         GPIOG_PCLK_EN;
      |                                         ^~~~~~~~~~~~~
C:/Users/Hareesh/STM32CubeIDE/workspace_1.18.1/007_stm32f4xx_driver/Inc/stm32f407xx.h:52:65: error: invalid suffix "C00" on integer constant
   52 | #define GPIOH_BASEADDRESS               AHB1_PERIPH_BASEADDRESS+1C00
      |                                                                 ^~~~
C:/Users/Hareesh/STM32CubeIDE/workspace_1.18.1/007_stm32f4xx_driver/Inc/stm32f407xx.h:135:35: note: in expansion of macro 'GPIOH_BASEADDRESS'
  135 | #define GPIOH   ((GPIOx_RegDef_t*)GPIOH_BASEADDRESS)
      |                                   ^~~~~~~~~~~~~~~~~
../Driver/Src/stm32f407xx_gpio_driver.c:40:42: note: in expansion of macro 'GPIOH'
   40 |                         else if (pGPIOx==GPIOH)
      |                                          ^~~~~
C:/Users/Hareesh/STM32CubeIDE/workspace_1.18.1/007_stm32f4xx_driver/Inc/stm32f407xx.h:153:32: error: invalid type argument of '->' (have 'int')
  153 | #define GPIOH_PCLK_EN       RCC->AHBENR[0]|=(1<<7)
      |                                ^~
../Driver/Src/stm32f407xx_gpio_driver.c:41:41: note: in expansion of macro 'GPIOH_PCLK_EN'
   41 |                                         GPIOH_PCLK_EN;
      |                                         ^~~~~~~~~~~~~
C:/Users/Hareesh/STM32CubeIDE/workspace_1.18.1/007_stm32f4xx_driver/Inc/stm32f407xx.h:154:36: error: invalid type argument of '->' (have 'int')
  154 | #define GPIOI_PCLK_EN           RCC->AHBENR[0]|=(1<<8)
      |                                    ^~
../Driver/Src/stm32f407xx_gpio_driver.c:43:41: note: in expansion of macro 'GPIOI_PCLK_EN'
   43 |                                         GPIOI_PCLK_EN;
      |                                         ^~~~~~~~~~~~~
C:/Users/Hareesh/STM32CubeIDE/workspace_1.18.1/007_stm32f4xx_driver/Inc/stm32f407xx.h:155:36: error: invalid type argument of '->' (have 'int')
  155 | #define GPIOJ_PCLK_EN           RCC->AHBENR[0]|=(1<<9)
      |                                    ^~
../Driver/Src/stm32f407xx_gpio_driver.c:45:41: note: in expansion of macro 'GPIOJ_PCLK_EN'
   45 |                                         GPIOJ_PCLK_EN;
      |                                         ^~~~~~~~~~~~~
C:/Users/Hareesh/STM32CubeIDE/workspace_1.18.1/007_stm32f4xx_driver/Inc/stm32f407xx.h:156:36: error: invalid type argument of '->' (have 'int')
  156 | #define GPIOK_PCLK_EN           RCC->AHBENR[0]|=(1<<10)
      |                                    ^~
../Driver/Src/stm32f407xx_gpio_driver.c:47:37: note: in expansion of macro 'GPIOK_PCLK_EN'
   47 |                                     GPIOK_PCLK_EN;
      |                                     ^~~~~~~~~~~~~
make: *** [Driver/Src/subdir.mk:19: Driver/Src/stm32f407xx_gpio_driver.o] Error 1
"make -j2 all" terminated with exit code 2. Build might be incomplete.
12:23:50 **** Incremental Build of configuration Debug for project 007_stm32f4xx_driver ****
make -j2 all 
arm-none-eabi-gcc "../Src/main.c" -mcpu=cortex-m4 -std=gnu11 -g3 -DDEBUG -DSTM32 -DSTM32F407G_DISC1 -DSTM32F4 -DSTM32F407VGTx -c -I"C:/Users/Hareesh/STM32CubeIDE/workspace_1.18.1/007_stm32f4xx_driver/Inc" -O0 -ffunction-sections -fdata-sections -Wall -fstack-usage -fcyclomatic-complexity -MMD -MP -MF"Src/main.d" -MT"Src/main.o" --specs=nano.specs -mfloat-abi=soft -mthumb -o "Src/main.o"
arm-none-eabi-gcc "../Driver/Src/stm32f407xx_gpio_driver.c" -mcpu=cortex-m4 -std=gnu11 -g3 -DDEBUG -DSTM32 -DSTM32F407G_DISC1 -DSTM32F4 -DSTM32F407VGTx -c -I"C:/Users/Hareesh/STM32CubeIDE/workspace_1.18.1/007_stm32f4xx_driver/Inc" -I"C:/Users/Hareesh/STM32CubeIDE/workspace_1.18.1/007_stm32f4xx_driver/Driver/Inc" -O0 -ffunction-sections -fdata-sections -Wall -fstack-usage -fcyclomatic-complexity -MMD -MP -MF"Driver/Src/stm32f407xx_gpio_driver.d" -MT"Driver/Src/stm32f407xx_gpio_driver.o" --specs=nano.specs -mfloat-abi=soft -mthumb -o "Driver/Src/stm32f407xx_gpio_driver.o"
In file included from C:/Users/Hareesh/STM32CubeIDE/workspace_1.18.1/007_stm32f4xx_driver/Driver/Inc/stm32f407xx_gpio_drive.h:11,
                 from ../Driver/Src/stm32f407xx_gpio_driver.c:7:
../Driver/Src/stm32f407xx_gpio_driver.c: In function 'GPIO_PeripClkCntr':
C:/Users/Hareesh/STM32CubeIDE/workspace_1.18.1/007_stm32f4xx_driver/Inc/stm32f407xx.h:146:36: error: invalid type argument of '->' (have 'int')
  146 | #define GPIOA_PCLK_EN           RCC->AHBENR[0]|=(1<<0)
      |                                    ^~
../Driver/Src/stm32f407xx_gpio_driver.c:27:33: note: in expansion of macro 'GPIOA_PCLK_EN'
   27 |                                 GPIOA_PCLK_EN;
      |                                 ^~~~~~~~~~~~~
C:/Users/Hareesh/STM32CubeIDE/workspace_1.18.1/007_stm32f4xx_driver/Inc/stm32f407xx.h:147:36: error: invalid type argument of '->' (have 'int')
  147 | #define GPIOB_PCLK_EN           RCC->AHBENR[0]|=(1<<1)
      |                                    ^~
../Driver/Src/stm32f407xx_gpio_driver.c:29:41: note: in expansion of macro 'GPIOB_PCLK_EN'
   29 |                                         GPIOB_PCLK_EN;
      |                                         ^~~~~~~~~~~~~
C:/Users/Hareesh/STM32CubeIDE/workspace_1.18.1/007_stm32f4xx_driver/Inc/stm32f407xx.h:150:36: error: invalid type argument of '->' (have 'int')
  150 | #define GPIOE_PCLK_EN           RCC->AHBENR[0]|=(1<<4)
      |                                    ^~
../Driver/Src/stm32f407xx_gpio_driver.c:35:41: note: in expansion of macro 'GPIOE_PCLK_EN'
   35 |                                         GPIOE_PCLK_EN;
      |                                         ^~~~~~~~~~~~~
C:/Users/Hareesh/STM32CubeIDE/workspace_1.18.1/007_stm32f4xx_driver/Inc/stm32f407xx.h:151:36: error: invalid type argument of '->' (have 'int')
  151 | #define GPIOF_PCLK_EN           RCC->AHBENR[0]|=(1<<5)
      |                                    ^~
../Driver/Src/stm32f407xx_gpio_driver.c:37:41: note: in expansion of macro 'GPIOF_PCLK_EN'
   37 |                                         GPIOF_PCLK_EN;
      |                                         ^~~~~~~~~~~~~
C:/Users/Hareesh/STM32CubeIDE/workspace_1.18.1/007_stm32f4xx_driver/Inc/stm32f407xx.h:152:36: error: invalid type argument of '->' (have 'int')
  152 | #define GPIOG_PCLK_EN           RCC->AHBENR[0]|=(1<<6)
      |                                    ^~
../Driver/Src/stm32f407xx_gpio_driver.c:39:41: note: in expansion of macro 'GPIOG_PCLK_EN'
   39 |                                         GPIOG_PCLK_EN;
      |                                         ^~~~~~~~~~~~~
C:/Users/Hareesh/STM32CubeIDE/workspace_1.18.1/007_stm32f4xx_driver/Inc/stm32f407xx.h:154:36: error: invalid type argument of '->' (have 'int')
  154 | #define GPIOI_PCLK_EN           RCC->AHBENR[0]|=(1<<8)
      |                                    ^~
../Driver/Src/stm32f407xx_gpio_driver.c:43:41: note: in expansion of macro 'GPIOI_PCLK_EN'
   43 |                                         GPIOI_PCLK_EN;
      |                                         ^~~~~~~~~~~~~
C:/Users/Hareesh/STM32CubeIDE/workspace_1.18.1/007_stm32f4xx_driver/Inc/stm32f407xx.h:155:36: error: invalid type argument of '->' (have 'int')
  155 | #define GPIOJ_PCLK_EN           RCC->AHBENR[0]|=(1<<9)
      |                                    ^~
../Driver/Src/stm32f407xx_gpio_driver.c:45:41: note: in expansion of macro 'GPIOJ_PCLK_EN'
   45 |                                         GPIOJ_PCLK_EN;
      |                                         ^~~~~~~~~~~~~
C:/Users/Hareesh/STM32CubeIDE/workspace_1.18.1/007_stm32f4xx_driver/Inc/stm32f407xx.h:156:36: error: invalid type argument of '->' (have 'int')
  156 | #define GPIOK_PCLK_EN           RCC->AHBENR[0]|=(1<<10)
      |                                    ^~
../Driver/Src/stm32f407xx_gpio_driver.c:47:37: note: in expansion of macro 'GPIOK_PCLK_EN'
   47 |                                     GPIOK_PCLK_EN;
      |                                     ^~~~~~~~~~~~~
make: *** [Driver/Src/subdir.mk:19: Driver/Src/stm32f407xx_gpio_driver.o] Error 1
make: *** Waiting for unfinished jobs....
"make -j2 all" terminated with exit code 2. Build might be incomplete.
17:07:36 **** Incremental Build of configuration Debug for project 007_stm32f4xx_driver ****
make -j2 all 
arm-none-eabi-gcc "../Driver/Src/stm32f407xx_gpio_driver.c" -mcpu=cortex-m4 -std=gnu11 -g3 -DDEBUG -DSTM32 -DSTM32F407G_DISC1 -DSTM32F4 -DSTM32F407VGTx -c -I"C:/Users/Hareesh/STM32CubeIDE/workspace_1.18.1/007_stm32f4xx_driver/Inc" -I"C:/Users/Hareesh/STM32CubeIDE/workspace_1.18.1/007_stm32f4xx_driver/Driver/Inc" -O0 -ffunction-sections -fdata-sections -Wall -fstack-usage -fcyclomatic-complexity -MMD -MP -MF"Driver/Src/stm32f407xx_gpio_driver.d" -MT"Driver/Src/stm32f407xx_gpio_driver.o" --specs=nano.specs -mfloat-abi=soft -mthumb -o "Driver/Src/stm32f407xx_gpio_driver.o"
arm-none-eabi-gcc -o "007_stm32f4xx_driver.elf" @"objects.list"   -mcpu=cortex-m4 -T"C:\Users\Hareesh\STM32CubeIDE\workspace_1.18.1\007_stm32f4xx_driver\STM32F407VGTX_FLASH.ld" --specs=nosys.specs -Wl,-Map="007_stm32f4xx_driver.map" -Wl,--gc-sections -static --specs=nano.specs -mfloat-abi=soft -mthumb -Wl,--start-group -lc -lm -Wl,--end-group
Finished building target: 007_stm32f4xx_driver.elf
 
arm-none-eabi-size  007_stm32f4xx_driver.elf 
arm-none-eabi-objdump -h -S 007_stm32f4xx_driver.elf  > "007_stm32f4xx_driver.list"
   text	   data	    bss	    dec	    hex	filename
    652	      0	   1568	   2220	    8ac	007_stm32f4xx_driver.elf
Finished building: default.size.stdout
 
Finished building: 007_stm32f4xx_driver.list
 
23:05:33 **** Incremental Build of configuration Debug for project 007_stm32f4xx_driver ****
make -j2 all 
arm-none-eabi-gcc "../Src/main.c" -mcpu=cortex-m4 -std=gnu11 -g3 -DDEBUG -DSTM32 -DSTM32F407G_DISC1 -DSTM32F4 -DSTM32F407VGTx -c -I"C:/Users/Hareesh/STM32CubeIDE/workspace_1.18.1/007_stm32f4xx_driver/Inc" -O0 -ffunction-sections -fdata-sections -Wall -fstack-usage -fcyclomatic-complexity -MMD -MP -MF"Src/main.d" -MT"Src/main.o" --specs=nano.specs -mfloat-abi=soft -mthumb -o "Src/main.o"
arm-none-eabi-gcc "../Driver/Src/stm32f407xx_gpio_driver.c" -mcpu=cortex-m4 -std=gnu11 -g3 -DDEBUG -DSTM32 -DSTM32F407G_DISC1 -DSTM32F4 -DSTM32F407VGTx -c -I"C:/Users/Hareesh/STM32CubeIDE/workspace_1.18.1/007_stm32f4xx_driver/Inc" -I"C:/Users/Hareesh/STM32CubeIDE/workspace_1.18.1/007_stm32f4xx_driver/Driver/Inc" -O0 -ffunction-sections -fdata-sections -Wall -fstack-usage -fcyclomatic-complexity -MMD -MP -MF"Driver/Src/stm32f407xx_gpio_driver.d" -MT"Driver/Src/stm32f407xx_gpio_driver.o" --specs=nano.specs -mfloat-abi=soft -mthumb -o "Driver/Src/stm32f407xx_gpio_driver.o"
arm-none-eabi-gcc -o "007_stm32f4xx_driver.elf" @"objects.list"   -mcpu=cortex-m4 -T"C:\Users\Hareesh\STM32CubeIDE\workspace_1.18.1\007_stm32f4xx_driver\STM32F407VGTX_FLASH.ld" --specs=nosys.specs -Wl,-Map="007_stm32f4xx_driver.map" -Wl,--gc-sections -static --specs=nano.specs -mfloat-abi=soft -mthumb -Wl,--start-group -lc -lm -Wl,--end-group
Finished building target: 007_stm32f4xx_driver.elf
 
arm-none-eabi-size  007_stm32f4xx_driver.elf 
arm-none-eabi-objdump -h -S 007_stm32f4xx_driver.elf  > "007_stm32f4xx_driver.list"
   text	   data	    bss	    dec	    hex	filename
    652	      0	   1568	   2220	    8ac	007_stm32f4xx_driver.elf
Finished building: default.size.stdout
 
Finished building: 007_stm32f4xx_driver.list
 
07:02:46 **** Incremental Build of configuration Debug for project 007_stm32f4xx_driver ****
make -j2 all 
arm-none-eabi-gcc "../Src/main.c" -mcpu=cortex-m4 -std=gnu11 -g3 -DDEBUG -DSTM32 -DSTM32F407G_DISC1 -DSTM32F4 -DSTM32F407VGTx -c -I"C:/Users/Hareesh/STM32CubeIDE/workspace_1.18.1/007_stm32f4xx_driver/Inc" -O0 -ffunction-sections -fdata-sections -Wall -fstack-usage -fcyclomatic-complexity -MMD -MP -MF"Src/main.d" -MT"Src/main.o" --specs=nano.specs -mfloat-abi=soft -mthumb -o "Src/main.o"
arm-none-eabi-gcc "../Driver/Src/stm32f407xx_gpio_driver.c" -mcpu=cortex-m4 -std=gnu11 -g3 -DDEBUG -DSTM32 -DSTM32F407G_DISC1 -DSTM32F4 -DSTM32F407VGTx -c -I"C:/Users/Hareesh/STM32CubeIDE/workspace_1.18.1/007_stm32f4xx_driver/Inc" -I"C:/Users/Hareesh/STM32CubeIDE/workspace_1.18.1/007_stm32f4xx_driver/Driver/Inc" -O0 -ffunction-sections -fdata-sections -Wall -fstack-usage -fcyclomatic-complexity -MMD -MP -MF"Driver/Src/stm32f407xx_gpio_driver.d" -MT"Driver/Src/stm32f407xx_gpio_driver.o" --specs=nano.specs -mfloat-abi=soft -mthumb -o "Driver/Src/stm32f407xx_gpio_driver.o"
In file included from C:/Users/Hareesh/STM32CubeIDE/workspace_1.18.1/007_stm32f4xx_driver/Driver/Inc/stm32f407xx_gpio_drive.h:11,
                 from ../Driver/Src/stm32f407xx_gpio_driver.c:7:
../Driver/Src/stm32f407xx_gpio_driver.c: In function 'GPIO_PeripClkCntr':
C:/Users/Hareesh/STM32CubeIDE/workspace_1.18.1/007_stm32f4xx_driver/Inc/stm32f407xx.h:146:36: error: invalid type argument of '->' (have 'int')
  146 | #define GPIOA_PCLK_EN           RCC->AHBENR[0]|=(1<<0);
      |                                    ^~
../Driver/Src/stm32f407xx_gpio_driver.c:28:25: note: in expansion of macro 'GPIOA_PCLK_EN'
   28 |                         GPIOA_PCLK_EN
      |                         ^~~~~~~~~~~~~
make: *** [Driver/Src/subdir.mk:19: Driver/Src/stm32f407xx_gpio_driver.o] Error 1
make: *** Waiting for unfinished jobs....
"make -j2 all" terminated with exit code 2. Build might be incomplete.
07:04:20 **** Incremental Build of configuration Debug for project 007_stm32f4xx_driver ****
make -j2 all 
arm-none-eabi-gcc "../Src/main.c" -mcpu=cortex-m4 -std=gnu11 -g3 -DDEBUG -DSTM32 -DSTM32F407G_DISC1 -DSTM32F4 -DSTM32F407VGTx -c -I"C:/Users/Hareesh/STM32CubeIDE/workspace_1.18.1/007_stm32f4xx_driver/Inc" -O0 -ffunction-sections -fdata-sections -Wall -fstack-usage -fcyclomatic-complexity -MMD -MP -MF"Src/main.d" -MT"Src/main.o" --specs=nano.specs -mfloat-abi=soft -mthumb -o "Src/main.o"
arm-none-eabi-gcc "../Driver/Src/stm32f407xx_gpio_driver.c" -mcpu=cortex-m4 -std=gnu11 -g3 -DDEBUG -DSTM32 -DSTM32F407G_DISC1 -DSTM32F4 -DSTM32F407VGTx -c -I"C:/Users/Hareesh/STM32CubeIDE/workspace_1.18.1/007_stm32f4xx_driver/Inc" -I"C:/Users/Hareesh/STM32CubeIDE/workspace_1.18.1/007_stm32f4xx_driver/Driver/Inc" -O0 -ffunction-sections -fdata-sections -Wall -fstack-usage -fcyclomatic-complexity -MMD -MP -MF"Driver/Src/stm32f407xx_gpio_driver.d" -MT"Driver/Src/stm32f407xx_gpio_driver.o" --specs=nano.specs -mfloat-abi=soft -mthumb -o "Driver/Src/stm32f407xx_gpio_driver.o"
In file included from C:/Users/Hareesh/STM32CubeIDE/workspace_1.18.1/007_stm32f4xx_driver/Driver/Inc/stm32f407xx_gpio_drive.h:11,
                 from ../Driver/Src/stm32f407xx_gpio_driver.c:7:
../Driver/Src/stm32f407xx_gpio_driver.c: In function 'GPIO_PeripClkCntr':
C:/Users/Hareesh/STM32CubeIDE/workspace_1.18.1/007_stm32f4xx_driver/Inc/stm32f407xx.h:158:44: error: invalid type argument of '->' (have 'int')
  158 | #define GPIOx_PCLK_EN(x)                RCC->AHBENR[0]|=(1<<x)
      |                                            ^~
../Driver/Src/stm32f407xx_gpio_driver.c:28:25: note: in expansion of macro 'GPIOx_PCLK_EN'
   28 |                         GPIOx_PCLK_EN(0);
      |                         ^~~~~~~~~~~~~
make: *** [Driver/Src/subdir.mk:19: Driver/Src/stm32f407xx_gpio_driver.o] Error 1
make: *** Waiting for unfinished jobs....
"make -j2 all" terminated with exit code 2. Build might be incomplete.
07:06:02 **** Incremental Build of configuration Debug for project 007_stm32f4xx_driver ****
make -j2 all 
arm-none-eabi-gcc "../Driver/Src/stm32f407xx_gpio_driver.c" -mcpu=cortex-m4 -std=gnu11 -g3 -DDEBUG -DSTM32 -DSTM32F407G_DISC1 -DSTM32F4 -DSTM32F407VGTx -c -I"C:/Users/Hareesh/STM32CubeIDE/workspace_1.18.1/007_stm32f4xx_driver/Inc" -I"C:/Users/Hareesh/STM32CubeIDE/workspace_1.18.1/007_stm32f4xx_driver/Driver/Inc" -O0 -ffunction-sections -fdata-sections -Wall -fstack-usage -fcyclomatic-complexity -MMD -MP -MF"Driver/Src/stm32f407xx_gpio_driver.d" -MT"Driver/Src/stm32f407xx_gpio_driver.o" --specs=nano.specs -mfloat-abi=soft -mthumb -o "Driver/Src/stm32f407xx_gpio_driver.o"
In file included from C:/Users/Hareesh/STM32CubeIDE/workspace_1.18.1/007_stm32f4xx_driver/Driver/Inc/stm32f407xx_gpio_drive.h:11,
                 from ../Driver/Src/stm32f407xx_gpio_driver.c:7:
../Driver/Src/stm32f407xx_gpio_driver.c: In function 'GPIO_PeripClkCntr':
C:/Users/Hareesh/STM32CubeIDE/workspace_1.18.1/007_stm32f4xx_driver/Inc/stm32f407xx.h:146:36: error: invalid type argument of '->' (have 'int')
  146 | #define GPIOA_PCLK_EN           RCC->AHBENR[0]|=(1<<0)
      |                                    ^~
../Driver/Src/stm32f407xx_gpio_driver.c:28:25: note: in expansion of macro 'GPIOA_PCLK_EN'
   28 |                         GPIOA_PCLK_EN;
      |                         ^~~~~~~~~~~~~
make: *** [Driver/Src/subdir.mk:19: Driver/Src/stm32f407xx_gpio_driver.o] Error 1
"make -j2 all" terminated with exit code 2. Build might be incomplete.
07:06:29 **** Incremental Build of configuration Debug for project 007_stm32f4xx_driver ****
make -j2 all 
arm-none-eabi-gcc "../Src/main.c" -mcpu=cortex-m4 -std=gnu11 -g3 -DDEBUG -DSTM32 -DSTM32F407G_DISC1 -DSTM32F4 -DSTM32F407VGTx -c -I"C:/Users/Hareesh/STM32CubeIDE/workspace_1.18.1/007_stm32f4xx_driver/Inc" -O0 -ffunction-sections -fdata-sections -Wall -fstack-usage -fcyclomatic-complexity -MMD -MP -MF"Src/main.d" -MT"Src/main.o" --specs=nano.specs -mfloat-abi=soft -mthumb -o "Src/main.o"
arm-none-eabi-gcc "../Driver/Src/stm32f407xx_gpio_driver.c" -mcpu=cortex-m4 -std=gnu11 -g3 -DDEBUG -DSTM32 -DSTM32F407G_DISC1 -DSTM32F4 -DSTM32F407VGTx -c -I"C:/Users/Hareesh/STM32CubeIDE/workspace_1.18.1/007_stm32f4xx_driver/Inc" -I"C:/Users/Hareesh/STM32CubeIDE/workspace_1.18.1/007_stm32f4xx_driver/Driver/Inc" -O0 -ffunction-sections -fdata-sections -Wall -fstack-usage -fcyclomatic-complexity -MMD -MP -MF"Driver/Src/stm32f407xx_gpio_driver.d" -MT"Driver/Src/stm32f407xx_gpio_driver.o" --specs=nano.specs -mfloat-abi=soft -mthumb -o "Driver/Src/stm32f407xx_gpio_driver.o"
../Driver/Src/stm32f407xx_gpio_driver.c: In function 'GPIO_PeripClkCntr':
../Driver/Src/stm32f407xx_gpio_driver.c:28:25: error: 'GPIOA_PCLK_EN' undeclared (first use in this function)
   28 |                         GPIOA_PCLK_EN;
      |                         ^~~~~~~~~~~~~
../Driver/Src/stm32f407xx_gpio_driver.c:28:25: note: each undeclared identifier is reported only once for each function it appears in
make: *** [Driver/Src/subdir.mk:19: Driver/Src/stm32f407xx_gpio_driver.o] Error 1
make: *** Waiting for unfinished jobs....
"make -j2 all" terminated with exit code 2. Build might be incomplete.
07:06:54 **** Incremental Build of configuration Debug for project 007_stm32f4xx_driver ****
make -j2 all 
arm-none-eabi-gcc "../Driver/Src/stm32f407xx_gpio_driver.c" -mcpu=cortex-m4 -std=gnu11 -g3 -DDEBUG -DSTM32 -DSTM32F407G_DISC1 -DSTM32F4 -DSTM32F407VGTx -c -I"C:/Users/Hareesh/STM32CubeIDE/workspace_1.18.1/007_stm32f4xx_driver/Inc" -I"C:/Users/Hareesh/STM32CubeIDE/workspace_1.18.1/007_stm32f4xx_driver/Driver/Inc" -O0 -ffunction-sections -fdata-sections -Wall -fstack-usage -fcyclomatic-complexity -MMD -MP -MF"Driver/Src/stm32f407xx_gpio_driver.d" -MT"Driver/Src/stm32f407xx_gpio_driver.o" --specs=nano.specs -mfloat-abi=soft -mthumb -o "Driver/Src/stm32f407xx_gpio_driver.o"
In file included from C:/Users/Hareesh/STM32CubeIDE/workspace_1.18.1/007_stm32f4xx_driver/Driver/Inc/stm32f407xx_gpio_drive.h:11,
                 from ../Driver/Src/stm32f407xx_gpio_driver.c:7:
../Driver/Src/stm32f407xx_gpio_driver.c: In function 'GPIO_PeripClkCntr':
C:/Users/Hareesh/STM32CubeIDE/workspace_1.18.1/007_stm32f4xx_driver/Inc/stm32f407xx.h:146:36: error: invalid type argument of '->' (have 'int')
  146 | #define GPIOA_PCLK_EN()         RCC->AHBENR[0]|=(1<<0)
      |                                    ^~
../Driver/Src/stm32f407xx_gpio_driver.c:28:25: note: in expansion of macro 'GPIOA_PCLK_EN'
   28 |                         GPIOA_PCLK_EN();
      |                         ^~~~~~~~~~~~~
make: *** [Driver/Src/subdir.mk:19: Driver/Src/stm32f407xx_gpio_driver.o] Error 1
"make -j2 all" terminated with exit code 2. Build might be incomplete.
07:18:59 **** Incremental Build of configuration Debug for project 007_stm32f4xx_driver ****
make -j2 all 
arm-none-eabi-gcc "../Src/main.c" -mcpu=cortex-m4 -std=gnu11 -g3 -DDEBUG -DSTM32 -DSTM32F407G_DISC1 -DSTM32F4 -DSTM32F407VGTx -c -I"C:/Users/Hareesh/STM32CubeIDE/workspace_1.18.1/007_stm32f4xx_driver/Inc" -O0 -ffunction-sections -fdata-sections -Wall -fstack-usage -fcyclomatic-complexity -MMD -MP -MF"Src/main.d" -MT"Src/main.o" --specs=nano.specs -mfloat-abi=soft -mthumb -o "Src/main.o"
arm-none-eabi-gcc "../Driver/Src/stm32f407xx_gpio_driver.c" -mcpu=cortex-m4 -std=gnu11 -g3 -DDEBUG -DSTM32 -DSTM32F407G_DISC1 -DSTM32F4 -DSTM32F407VGTx -c -I"C:/Users/Hareesh/STM32CubeIDE/workspace_1.18.1/007_stm32f4xx_driver/Inc" -I"C:/Users/Hareesh/STM32CubeIDE/workspace_1.18.1/007_stm32f4xx_driver/Driver/Inc" -O0 -ffunction-sections -fdata-sections -Wall -fstack-usage -fcyclomatic-complexity -MMD -MP -MF"Driver/Src/stm32f407xx_gpio_driver.d" -MT"Driver/Src/stm32f407xx_gpio_driver.o" --specs=nano.specs -mfloat-abi=soft -mthumb -o "Driver/Src/stm32f407xx_gpio_driver.o"
In file included from C:/Users/Hareesh/STM32CubeIDE/workspace_1.18.1/007_stm32f4xx_driver/Driver/Inc/stm32f407xx_gpio_drive.h:11,
                 from ../Driver/Src/stm32f407xx_gpio_driver.c:7:
../Driver/Src/stm32f407xx_gpio_driver.c: In function 'GPIO_PeripClkCntr':
C:/Users/Hareesh/STM32CubeIDE/workspace_1.18.1/007_stm32f4xx_driver/Inc/stm32f407xx.h:146:37: error: invalid type argument of '->' (have 'long unsigned int')
  146 | #define GPIOA_PCLK_EN()         (RCC->AHBENR[0]|=(1<<0))
      |                                     ^~
../Driver/Src/stm32f407xx_gpio_driver.c:28:25: note: in expansion of macro 'GPIOA_PCLK_EN'
   28 |                         GPIOA_PCLK_EN();
      |                         ^~~~~~~~~~~~~
make: *** [Driver/Src/subdir.mk:19: Driver/Src/stm32f407xx_gpio_driver.o] Error 1
make: *** Waiting for unfinished jobs....
"make -j2 all" terminated with exit code 2. Build might be incomplete.
07:19:32 **** Incremental Build of configuration Debug for project 007_stm32f4xx_driver ****
make -j2 all 
arm-none-eabi-gcc "../Src/main.c" -mcpu=cortex-m4 -std=gnu11 -g3 -DDEBUG -DSTM32 -DSTM32F407G_DISC1 -DSTM32F4 -DSTM32F407VGTx -c -I"C:/Users/Hareesh/STM32CubeIDE/workspace_1.18.1/007_stm32f4xx_driver/Inc" -O0 -ffunction-sections -fdata-sections -Wall -fstack-usage -fcyclomatic-complexity -MMD -MP -MF"Src/main.d" -MT"Src/main.o" --specs=nano.specs -mfloat-abi=soft -mthumb -o "Src/main.o"
arm-none-eabi-gcc "../Driver/Src/stm32f407xx_gpio_driver.c" -mcpu=cortex-m4 -std=gnu11 -g3 -DDEBUG -DSTM32 -DSTM32F407G_DISC1 -DSTM32F4 -DSTM32F407VGTx -c -I"C:/Users/Hareesh/STM32CubeIDE/workspace_1.18.1/007_stm32f4xx_driver/Inc" -I"C:/Users/Hareesh/STM32CubeIDE/workspace_1.18.1/007_stm32f4xx_driver/Driver/Inc" -O0 -ffunction-sections -fdata-sections -Wall -fstack-usage -fcyclomatic-complexity -MMD -MP -MF"Driver/Src/stm32f407xx_gpio_driver.d" -MT"Driver/Src/stm32f407xx_gpio_driver.o" --specs=nano.specs -mfloat-abi=soft -mthumb -o "Driver/Src/stm32f407xx_gpio_driver.o"
arm-none-eabi-gcc -o "007_stm32f4xx_driver.elf" @"objects.list"   -mcpu=cortex-m4 -T"C:\Users\Hareesh\STM32CubeIDE\workspace_1.18.1\007_stm32f4xx_driver\STM32F407VGTX_FLASH.ld" --specs=nosys.specs -Wl,-Map="007_stm32f4xx_driver.map" -Wl,--gc-sections -static --specs=nano.specs -mfloat-abi=soft -mthumb -Wl,--start-group -lc -lm -Wl,--end-group
Finished building target: 007_stm32f4xx_driver.elf
 
arm-none-eabi-size  007_stm32f4xx_driver.elf 
arm-none-eabi-objdump -h -S 007_stm32f4xx_driver.elf  > "007_stm32f4xx_driver.list"
   text	   data	    bss	    dec	    hex	filename
    652	      0	   1568	   2220	    8ac	007_stm32f4xx_driver.elf
Finished building: default.size.stdout
 
Finished building: 007_stm32f4xx_driver.list
 
07:20:33 **** Incremental Build of configuration Debug for project 007_stm32f4xx_driver ****
make -j2 all 
arm-none-eabi-gcc "../Src/main.c" -mcpu=cortex-m4 -std=gnu11 -g3 -DDEBUG -DSTM32 -DSTM32F407G_DISC1 -DSTM32F4 -DSTM32F407VGTx -c -I"C:/Users/Hareesh/STM32CubeIDE/workspace_1.18.1/007_stm32f4xx_driver/Inc" -O0 -ffunction-sections -fdata-sections -Wall -fstack-usage -fcyclomatic-complexity -MMD -MP -MF"Src/main.d" -MT"Src/main.o" --specs=nano.specs -mfloat-abi=soft -mthumb -o "Src/main.o"
arm-none-eabi-gcc "../Driver/Src/stm32f407xx_gpio_driver.c" -mcpu=cortex-m4 -std=gnu11 -g3 -DDEBUG -DSTM32 -DSTM32F407G_DISC1 -DSTM32F4 -DSTM32F407VGTx -c -I"C:/Users/Hareesh/STM32CubeIDE/workspace_1.18.1/007_stm32f4xx_driver/Inc" -I"C:/Users/Hareesh/STM32CubeIDE/workspace_1.18.1/007_stm32f4xx_driver/Driver/Inc" -O0 -ffunction-sections -fdata-sections -Wall -fstack-usage -fcyclomatic-complexity -MMD -MP -MF"Driver/Src/stm32f407xx_gpio_driver.d" -MT"Driver/Src/stm32f407xx_gpio_driver.o" --specs=nano.specs -mfloat-abi=soft -mthumb -o "Driver/Src/stm32f407xx_gpio_driver.o"
In file included from C:/Users/Hareesh/STM32CubeIDE/workspace_1.18.1/007_stm32f4xx_driver/Driver/Inc/stm32f407xx_gpio_drive.h:11,
                 from ../Driver/Src/stm32f407xx_gpio_driver.c:7:
../Driver/Src/stm32f407xx_gpio_driver.c: In function 'GPIO_PeripClkCntr':
C:/Users/Hareesh/STM32CubeIDE/workspace_1.18.1/007_stm32f4xx_driver/Inc/stm32f407xx.h:145:37: error: invalid type argument of '->' (have 'long unsigned int')
  145 | #define GPIOA_PCLK_EN()         (RCC->AHBENR[0]|=(1<<0))
      |                                     ^~
../Driver/Src/stm32f407xx_gpio_driver.c:28:25: note: in expansion of macro 'GPIOA_PCLK_EN'
   28 |                         GPIOA_PCLK_EN();
      |                         ^~~~~~~~~~~~~
make: *** [Driver/Src/subdir.mk:19: Driver/Src/stm32f407xx_gpio_driver.o] Error 1
make: *** Waiting for unfinished jobs....
"make -j2 all" terminated with exit code 2. Build might be incomplete.
07:22:30 **** Incremental Build of configuration Debug for project 007_stm32f4xx_driver ****
make -j2 all 
arm-none-eabi-gcc "../Src/main.c" -mcpu=cortex-m4 -std=gnu11 -g3 -DDEBUG -DSTM32 -DSTM32F407G_DISC1 -DSTM32F4 -DSTM32F407VGTx -c -I"C:/Users/Hareesh/STM32CubeIDE/workspace_1.18.1/007_stm32f4xx_driver/Inc" -O0 -ffunction-sections -fdata-sections -Wall -fstack-usage -fcyclomatic-complexity -MMD -MP -MF"Src/main.d" -MT"Src/main.o" --specs=nano.specs -mfloat-abi=soft -mthumb -o "Src/main.o"
arm-none-eabi-gcc "../Driver/Src/stm32f407xx_gpio_driver.c" -mcpu=cortex-m4 -std=gnu11 -g3 -DDEBUG -DSTM32 -DSTM32F407G_DISC1 -DSTM32F4 -DSTM32F407VGTx -c -I"C:/Users/Hareesh/STM32CubeIDE/workspace_1.18.1/007_stm32f4xx_driver/Inc" -I"C:/Users/Hareesh/STM32CubeIDE/workspace_1.18.1/007_stm32f4xx_driver/Driver/Inc" -O0 -ffunction-sections -fdata-sections -Wall -fstack-usage -fcyclomatic-complexity -MMD -MP -MF"Driver/Src/stm32f407xx_gpio_driver.d" -MT"Driver/Src/stm32f407xx_gpio_driver.o" --specs=nano.specs -mfloat-abi=soft -mthumb -o "Driver/Src/stm32f407xx_gpio_driver.o"
arm-none-eabi-gcc -o "007_stm32f4xx_driver.elf" @"objects.list"   -mcpu=cortex-m4 -T"C:\Users\Hareesh\STM32CubeIDE\workspace_1.18.1\007_stm32f4xx_driver\STM32F407VGTX_FLASH.ld" --specs=nosys.specs -Wl,-Map="007_stm32f4xx_driver.map" -Wl,--gc-sections -static --specs=nano.specs -mfloat-abi=soft -mthumb -Wl,--start-group -lc -lm -Wl,--end-group
Finished building target: 007_stm32f4xx_driver.elf
 
arm-none-eabi-size  007_stm32f4xx_driver.elf 
arm-none-eabi-objdump -h -S 007_stm32f4xx_driver.elf  > "007_stm32f4xx_driver.list"
   text	   data	    bss	    dec	    hex	filename
    652	      0	   1568	   2220	    8ac	007_stm32f4xx_driver.elf
Finished building: default.size.stdout
[...]
arm-none-eabi-gcc "../Src/003_Button_interrupt.c" -mcpu=cortex-m4 -std=gnu11 -g3 -DDEBUG -DSTM32 -DSTM32F407G_DISC1 -DSTM32F4 -DSTM32F407VGTx -c -I"C:/Users/Hareesh/STM32CubeIDE/workspace_1.18.1/007_stm32f4xx_driver/Inc" -I"C:/Users/Hareesh/STM32CubeIDE/workspace_1.18.1/007_stm32f4xx_driver/Driver/Inc" -O0 -ffunction-sections -fdata-sections -Wall -fstack-usage -fcyclomatic-complexity -MMD -MP -MF"Src/003_Button_interrupt.d" -MT"Src/003_Button_interrupt.o" --specs=nano.specs -mfloat-abi=soft -mthumb -o "Src/003_Button_interrupt.o"
arm-none-eabi-gcc "../Driver/Src/stm32f407xx_SPI_driver.c" -mcpu=cortex-m4 -std=gnu11 -g3 -DDEBUG -DSTM32 -DSTM32F407G_DISC1 -DSTM32F4 -DSTM32F407VGTx -c -I"C:/Users/Hareesh/STM32CubeIDE/workspace_1.18.1/007_stm32f4xx_driver/Inc" -I"C:/Users/Hareesh/STM32CubeIDE/workspace_1.18.1/007_stm32f4xx_driver/Driver/Inc" -I"C:/Users/Hareesh/STM32CubeIDE/workspace_1.18.1/007_stm32f4xx_driver/Inc" -O0 -ffunction-sections -fdata-sections -Wall -fstack-usage -fcyclomatic-complexity -MMD -MP -MF"Driver/Src/stm32f407xx_SPI_driver.d" -MT"Driver/Src/stm32f407xx_SPI_driver.o" --specs=nano.specs -mfloat-abi=soft -mthumb -o "Driver/Src/stm32f407xx_SPI_driver.o"
../Driver/Src/stm32f407xx_SPI_driver.c: In function 'SPI_DataReceive':
../Driver/Src/stm32f407xx_SPI_driver.c:82:27: error: expected expression before ']' token
   82 |                 pRxBuffer[];
      |                           ^
make: *** [Driver/Src/subdir.mk:22: Driver/Src/stm32f407xx_SPI_driver.o] Error 1
make: *** Waiting for unfinished jobs....
"make -j2 all" terminated with exit code 2. Build might be incomplete.
07:49:05 **** Incremental Build of configuration Debug for project 007_stm32f4xx_driver ****
make -j2 all 
arm-none-eabi-gcc "../Driver/Src/stm32f407xx_SPI_driver.c" -mcpu=cortex-m4 -std=gnu11 -g3 -DDEBUG -DSTM32 -DSTM32F407G_DISC1 -DSTM32F4 -DSTM32F407VGTx -c -I"C:/Users/Hareesh/STM32CubeIDE/workspace_1.18.1/007_stm32f4xx_driver/Inc" -I"C:/Users/Hareesh/STM32CubeIDE/workspace_1.18.1/007_stm32f4xx_driver/Driver/Inc" -I"C:/Users/Hareesh/STM32CubeIDE/workspace_1.18.1/007_stm32f4xx_driver/Inc" -O0 -ffunction-sections -fdata-sections -Wall -fstack-usage -fcyclomatic-complexity -MMD -MP -MF"Driver/Src/stm32f407xx_SPI_driver.d" -MT"Driver/Src/stm32f407xx_SPI_driver.o" --specs=nano.specs -mfloat-abi=soft -mthumb -o "Driver/Src/stm32f407xx_SPI_driver.o"
arm-none-eabi-gcc "../Driver/Src/stm32f407xx_gpio_driver.c" -mcpu=cortex-m4 -std=gnu11 -g3 -DDEBUG -DSTM32 -DSTM32F407G_DISC1 -DSTM32F4 -DSTM32F407VGTx -c -I"C:/Users/Hareesh/STM32CubeIDE/workspace_1.18.1/007_stm32f4xx_driver/Inc" -I"C:/Users/Hareesh/STM32CubeIDE/workspace_1.18.1/007_stm32f4xx_driver/Driver/Inc" -O0 -ffunction-sections -fdata-sections -Wall -fstack-usage -fcyclomatic-complexity -MMD -MP -MF"Driver/Src/stm32f407xx_gpio_driver.d" -MT"Driver/Src/stm32f407xx_gpio_driver.o" --specs=nano.specs -mfloat-abi=soft -mthumb -o "Driver/Src/stm32f407xx_gpio_driver.o"
arm-none-eabi-gcc -o "007_stm32f4xx_driver.elf" @"objects.list"   -mcpu=cortex-m4 -T"C:\Users\Hareesh\STM32CubeIDE\workspace_1.18.1\007_stm32f4xx_driver\STM32F407VGTX_FLASH.ld" --specs=nosys.specs -Wl,-Map="007_stm32f4xx_driver.map" -Wl,--gc-sections -static --specs=nano.specs -mfloat-abi=soft -mthumb -Wl,--start-group -lc -lm -Wl,--end-group
Finished building target: 007_stm32f4xx_driver.elf
 
arm-none-eabi-size  007_stm32f4xx_driver.elf 
arm-none-eabi-objdump -h -S 007_stm32f4xx_driver.elf  > "007_stm32f4xx_driver.list"
   text	   data	    bss	    dec	    hex	filename
   2072	      0	   1568	   3640	    e38	007_stm32f4xx_driver.elf
Finished building: default.size.stdout
 
Finished building: 007_stm32f4xx_driver.list
 
07:51:34 **** Incremental Build of configuration Debug for project 007_stm32f4xx_driver ****
make -j2 all 
arm-none-eabi-gcc "../Src/003_Button_interrupt.c" -mcpu=cortex-m4 -std=gnu11 -g3 -DDEBUG -DSTM32 -DSTM32F407G_DISC1 -DSTM32F4 -DSTM32F407VGTx -c -I"C:/Users/Hareesh/STM32CubeIDE/workspace_1.18.1/007_stm32f4xx_driver/Inc" -I"C:/Users/Hareesh/STM32CubeIDE/workspace_1.18.1/007_stm32f4xx_driver/Driver/Inc" -O0 -ffunction-sections -fdata-sections -Wall -fstack-usage -fcyclomatic-complexity -MMD -MP -MF"Src/003_Button_interrupt.d" -MT"Src/003_Button_interrupt.o" --specs=nano.specs -mfloat-abi=soft -mthumb -o "Src/003_Button_interrupt.o"
arm-none-eabi-gcc "../Driver/Src/stm32f407xx_SPI_driver.c" -mcpu=cortex-m4 -std=gnu11 -g3 -DDEBUG -DSTM32 -DSTM32F407G_DISC1 -DSTM32F4 -DSTM32F407VGTx -c -I"C:/Users/Hareesh/STM32CubeIDE/workspace_1.18.1/007_stm32f4xx_driver/Inc" -I"C:/Users/Hareesh/STM32CubeIDE/workspace_1.18.1/007_stm32f4xx_driver/Driver/Inc" -I"C:/Users/Hareesh/STM32CubeIDE/workspace_1.18.1/007_stm32f4xx_driver/Inc" -O0 -ffunction-sections -fdata-sections -Wall -fstack-usage -fcyclomatic-complexity -MMD -MP -MF"Driver/Src/stm32f407xx_SPI_driver.d" -MT"Driver/Src/stm32f407xx_SPI_driver.o" --specs=nano.specs -mfloat-abi=soft -mthumb -o "Driver/Src/stm32f407xx_SPI_driver.o"
arm-none-eabi-gcc "../Driver/Src/stm32f407xx_gpio_driver.c" -mcpu=cortex-m4 -std=gnu11 -g3 -DDEBUG -DSTM32 -DSTM32F407G_DISC1 -DSTM32F4 -DSTM32F407VGTx -c -I"C:/Users/Hareesh/STM32CubeIDE/workspace_1.18.1/007_stm32f4xx_driver/Inc" -I"C:/Users/Hareesh/STM32CubeIDE/workspace_1.18.1/007_stm32f4xx_driver/Driver/Inc" -O0 -ffunction-sections -fdata-sections -Wall -fstack-usage -fcyclomatic-complexity -MMD -MP -MF"Driver/Src/stm32f407xx_gpio_driver.d" -MT"Driver/Src/stm32f407xx_gpio_driver.o" --specs=nano.specs -mfloat-abi=soft -mthumb -o "Driver/Src/stm32f407xx_gpio_driver.o"
arm-none-eabi-gcc -o "007_stm32f4xx_driver.elf" @"objects.list"   -mcpu=cortex-m4 -T"C:\Users\Hareesh\STM32CubeIDE\workspace_1.18.1\007_stm32f4xx_driver\STM32F407VGTX_FLASH.ld" --specs=nosys.specs -Wl,-Map="007_stm32f4xx_driver.map" -Wl,--gc-sections -static --specs=nano.specs -mfloat-abi=soft -mthumb -Wl,--start-group -lc -lm -Wl,--end-group
Finished building target: 007_stm32f4xx_driver.elf
 
arm-none-eabi-size  007_stm32f4xx_driver.elf 
arm-none-eabi-objdump -h -S 007_stm32f4xx_driver.elf  > "007_stm32f4xx_driver.list"
   text	   data	    bss	    dec	    hex	filename
   2072	      0	   1568	   3640	    e38	007_stm32f4xx_driver.elf
Finished building: default.size.stdout
 
Finished building: 007_stm32f4xx_driver.list
 
08:21:55 **** Incremental Build of configuration Debug for project 007_stm32f4xx_driver ****
make -j2 all 
arm-none-eabi-gcc "../Src/003_Button_interrupt.c" -mcpu=cortex-m4 -std=gnu11 -g3 -DDEBUG -DSTM32 -DSTM32F407G_DISC1 -DSTM32F4 -DSTM32F407VGTx -c -I"C:/Users/Hareesh/STM32CubeIDE/workspace_1.18.1/007_stm32f4xx_driver/Inc" -I"C:/Users/Hareesh/STM32CubeIDE/workspace_1.18.1/007_stm32f4xx_driver/Driver/Inc" -O0 -ffunction-sections -fdata-sections -Wall -fstack-usage -fcyclomatic-complexity -MMD -MP -MF"Src/003_Button_interrupt.d" -MT"Src/003_Button_interrupt.o" --specs=nano.specs -mfloat-abi=soft -mthumb -o "Src/003_Button_interrupt.o"
arm-none-eabi-gcc "../Driver/Src/stm32f407xx_SPI_driver.c" -mcpu=cortex-m4 -std=gnu11 -g3 -DDEBUG -DSTM32 -DSTM32F407G_DISC1 -DSTM32F4 -DSTM32F407VGTx -c -I"C:/Users/Hareesh/STM32CubeIDE/workspace_1.18.1/007_stm32f4xx_driver/Inc" -I"C:/Users/Hareesh/STM32CubeIDE/workspace_1.18.1/007_stm32f4xx_driver/Driver/Inc" -I"C:/Users/Hareesh/STM32CubeIDE/workspace_1.18.1/007_stm32f4xx_driver/Inc" -O0 -ffunction-sections -fdata-sections -Wall -fstack-usage -fcyclomatic-complexity -MMD -MP -MF"Driver/Src/stm32f407xx_SPI_driver.d" -MT"Driver/Src/stm32f407xx_SPI_driver.o" --specs=nano.specs -mfloat-abi=soft -mthumb -o "Driver/Src/stm32f407xx_SPI_driver.o"
../Driver/Src/stm32f407xx_SPI_driver.c: In function 'SPI_DataReceive':
../Driver/Src/stm32f407xx_SPI_driver.c:85:33: error: 'RX_NEMPTY' undeclared (first use in this function)
   85 |         while(pSPIx->SPI_SR&(1<<RX_NEMPTY)){
      |                                 ^~~~~~~~~
../Driver/Src/stm32f407xx_SPI_driver.c:85:33: note: each undeclared identifier is reported only once for each function it appears in
../Driver/Src/stm32f407xx_SPI_driver.c: At top level:
../Driver/Src/stm32f407xx_SPI_driver.c:88:6: error: conflicting types for 'SPI_DataTransmit'; have 'void(SPIx_RegDef_t *, uint8_t *, uint32_t)' {aka 'void(SPIx_RegDef_t *, unsigned char *, long unsigned int)'}
   88 | void SPI_DataTransmit(SPIx_RegDef_t *pSPIx,uint8_t *pTxBuffer, uint32_t Len){
      |      ^~~~~~~~~~~~~~~~
In file included from C:/Users/Hareesh/STM32CubeIDE/workspace_1.18.1/007_stm32f4xx_driver/Inc/stm32f407xx.h:399,
                 from ../Driver/Src/stm32f407xx_SPI_driver.c:8:
C:/Users/Hareesh/STM32CubeIDE/workspace_1.18.1/007_stm32f4xx_driver/Driver/Inc/stm32f407xx_SPI_driver.h:115:6: note: previous declaration of 'SPI_DataTransmit' with type 'void(SPIx_RegDef_t *, uint8_t,  uint32_t)' {aka 'void(SPIx_RegDef_t *, unsigned char,  long unsigned int)'}
  115 | void SPI_DataTransmit(SPIx_RegDef_t *pSPIx,uint8_t pTxBuffer, uint32_t Len);
      |      ^~~~~~~~~~~~~~~~
../Driver/Src/stm32f407xx_SPI_driver.c: In function 'SPI_DataTransmit':
../Driver/Src/stm32f407xx_SPI_driver.c:94:41: warning: cast from pointer to integer of different size [-Wpointer-to-int-cast]
   94 |                         pSPIx->SPI_DR=*((uint16_t)pTxBuffer);
      |                                         ^
../Driver/Src/stm32f407xx_SPI_driver.c:94:39: error: invalid type argument of unary '*' (have 'int')
   94 |                         pSPIx->SPI_DR=*((uint16_t)pTxBuffer);
      |                                       ^~~~~~~~~~~~~~~~~~~~~~
../Driver/Src/stm32f407xx_SPI_driver.c:96:25: warning: cast from pointer to integer of different size [-Wpointer-to-int-cast]
   96 |                         (uint16_t)pTxBuffer++;
      |                         ^
../Driver/Src/stm32f407xx_SPI_driver.c:96:25: warning: value computed is not used [-Wunused-value]
   96 |                         (uint16_t)pTxBuffer++;
      |                         ^~~~~~~~~~~~~~~~~~~~~
make: *** [Driver/Src/subdir.mk:22: Driver/Src/stm32f407xx_SPI_driver.o] Error 1
make: *** Waiting for unfinished jobs....
"make -j2 all" terminated with exit code 2. Build might be incomplete.
08:22:14 **** Incremental Build of configuration Debug for project 007_stm32f4xx_driver ****
make -j2 all 
arm-none-eabi-gcc "../Src/003_Button_interrupt.c" -mcpu=cortex-m4 -std=gnu11 -g3 -DDEBUG -DSTM32 -DSTM32F407G_DISC1 -DSTM32F4 -DSTM32F407VGTx -c -I"C:/Users/Hareesh/STM32CubeIDE/workspace_1.18.1/007_stm32f4xx_driver/Inc" -I"C:/Users/Hareesh/STM32CubeIDE/workspace_1.18.1/007_stm32f4xx_driver/Driver/Inc" -O0 -ffunction-sections -fdata-sections -Wall -fstack-usage -fcyclomatic-complexity -MMD -MP -MF"Src/003_Button_interrupt.d" -MT"Src/003_Button_interrupt.o" --specs=nano.specs -mfloat-abi=soft -mthumb -o "Src/003_Button_interrupt.o"
arm-none-eabi-gcc "../Driver/Src/stm32f407xx_SPI_driver.c" -mcpu=cortex-m4 -std=gnu11 -g3 -DDEBUG -DSTM32 -DSTM32F407G_DISC1 -DSTM32F4 -DSTM32F407VGTx -c -I"C:/Users/Hareesh/STM32CubeIDE/workspace_1.18.1/007_stm32f4xx_driver/Inc" -I"C:/Users/Hareesh/STM32CubeIDE/workspace_1.18.1/007_stm32f4xx_driver/Driver/Inc" -I"C:/Users/Hareesh/STM32CubeIDE/workspace_1.18.1/007_stm32f4xx_driver/Inc" -O0 -ffunction-sections -fdata-sections -Wall -fstack-usage -fcyclomatic-complexity -MMD -MP -MF"Driver/Src/stm32f407xx_SPI_driver.d" -MT"Driver/Src/stm32f407xx_SPI_driver.o" --specs=nano.specs -mfloat-abi=soft -mthumb -o "Driver/Src/stm32f407xx_SPI_driver.o"
../Driver/Src/stm32f407xx_SPI_driver.c:84:6: error: conflicting types for 'SPI_DataReceive'; have 'void(SPIx_RegDef_t *, uint8_t,  uint32_t)' {aka 'void(SPIx_RegDef_t *, unsigned char,  long unsigned int)'}
   84 | void SPI_DataReceive(SPIx_RegDef_t *pSPIx,uint8_t pRxBuffer, uint32_t Len){
      |      ^~~~~~~~~~~~~~~
In file included from C:/Users/Hareesh/STM32CubeIDE/workspace_1.18.1/007_stm32f4xx_driver/Inc/stm32f407xx.h:399,
                 from ../Driver/Src/stm32f407xx_SPI_driver.c:8:
C:/Users/Hareesh/STM32CubeIDE/workspace_1.18.1/007_stm32f4xx_driver/Driver/Inc/stm32f407xx_SPI_driver.h:114:6: note: previous declaration of 'SPI_DataReceive' with type 'void(SPIx_RegDef_t *, uint8_t *, uint32_t)' {aka 'void(SPIx_RegDef_t *, unsigned char *, long unsigned int)'}
  114 | void SPI_DataReceive(SPIx_RegDef_t *pSPIx,uint8_t *pRxBuffer, uint32_t Len);
      |      ^~~~~~~~~~~~~~~
../Driver/Src/stm32f407xx_SPI_driver.c: In function 'SPI_DataReceive':
../Driver/Src/stm32f407xx_SPI_driver.c:85:33: error: 'RX_NEMPTY' undeclared (first use in this function)
   85 |         while(pSPIx->SPI_SR&(1<<RX_NEMPTY)){
      |                                 ^~~~~~~~~
../Driver/Src/stm32f407xx_SPI_driver.c:85:33: note: each undeclared identifier is reported only once for each function it appears in
../Driver/Src/stm32f407xx_SPI_driver.c: In function 'SPI_DataTransmit':
../Driver/Src/stm32f407xx_SPI_driver.c:94:41: warning: cast from pointer to integer of different size [-Wpointer-to-int-cast]
   94 |                         pSPIx->SPI_DR=*((uint16_t)pTxBuffer);
      |                                         ^
../Driver/Src/stm32f407xx_SPI_driver.c:94:39: error: invalid type argument of unary '*' (have 'int')
   94 |                         pSPIx->SPI_DR=*((uint16_t)pTxBuffer);
      |                                       ^~~~~~~~~~~~~~~~~~~~~~
../Driver/Src/stm32f407xx_SPI_driver.c:96:25: warning: cast from pointer to integer of different size [-Wpointer-to-int-cast]
   96 |                         (uint16_t)pTxBuffer++;
      |                         ^
../Driver/Src/stm32f407xx_SPI_driver.c:96:25: warning: value computed is not used [-Wunused-value]
   96 |                         (uint16_t)pTxBuffer++;
      |                         ^~~~~~~~~~~~~~~~~~~~~
make: *** [Driver/Src/subdir.mk:22: Driver/Src/stm32f407xx_SPI_driver.o] Error 1
make: *** Waiting for unfinished jobs....
"make -j2 all" terminated with exit code 2. Build might be incomplete.
08:22:34 **** Incremental Build of configuration Debug for project 007_stm32f4xx_driver ****
make -j2 all 
arm-none-eabi-gcc "../Driver/Src/stm32f407xx_SPI_driver.c" -mcpu=cortex-m4 -std=gnu11 -g3 -DDEBUG -DSTM32 -DSTM32F407G_DISC1 -DSTM32F4 -DSTM32F407VGTx -c -I"C:/Users/Hareesh/STM32CubeIDE/workspace_1.18.1/007_stm32f4xx_driver/Inc" -I"C:/Users/Hareesh/STM32CubeIDE/workspace_1.18.1/007_stm32f4xx_driver/Driver/Inc" -I"C:/Users/Hareesh/STM32CubeIDE/workspace_1.18.1/007_stm32f4xx_driver/Inc" -O0 -ffunction-sections -fdata-sections -Wall -fstack-usage -fcyclomatic-complexity -MMD -MP -MF"Driver/Src/stm32f407xx_SPI_driver.d" -MT"Driver/Src/stm32f407xx_SPI_driver.o" --specs=nano.specs -mfloat-abi=soft -mthumb -o "Driver/Src/stm32f407xx_SPI_driver.o"
arm-none-eabi-gcc "../Driver/Src/stm32f407xx_gpio_driver.c" -mcpu=cortex-m4 -std=gnu11 -g3 -DDEBUG -DSTM32 -DSTM32F407G_DISC1 -DSTM32F4 -DSTM32F407VGTx -c -I"C:/Users/Hareesh/STM32CubeIDE/workspace_1.18.1/007_stm32f4xx_driver/Inc" -I"C:/Users/Hareesh/STM32CubeIDE/workspace_1.18.1/007_stm32f4xx_driver/Driver/Inc" -O0 -ffunction-sections -fdata-sections -Wall -fstack-usage -fcyclomatic-complexity -MMD -MP -MF"Driver/Src/stm32f407xx_gpio_driver.d" -MT"Driver/Src/stm32f407xx_gpio_driver.o" --specs=nano.specs -mfloat-abi=soft -mthumb -o "Driver/Src/stm32f407xx_gpio_driver.o"
../Driver/Src/stm32f407xx_SPI_driver.c:84:6: error: conflicting types for 'SPI_DataReceive'; have 'void(SPIx_RegDef_t *, uint8_t,  uint32_t)' {aka 'void(SPIx_RegDef_t *, unsigned char,  long unsigned int)'}
   84 | void SPI_DataReceive(SPIx_RegDef_t *pSPIx,uint8_t pRxBuffer, uint32_t Len){
      |      ^~~~~~~~~~~~~~~
In file included from C:/Users/Hareesh/STM32CubeIDE/workspace_1.18.1/007_stm32f4xx_driver/Inc/stm32f407xx.h:399,
                 from ../Driver/Src/stm32f407xx_SPI_driver.c:8:
C:/Users/Hareesh/STM32CubeIDE/workspace_1.18.1/007_stm32f4xx_driver/Driver/Inc/stm32f407xx_SPI_driver.h:114:6: note: previous declaration of 'SPI_DataReceive' with type 'void(SPIx_RegDef_t *, uint8_t *, uint32_t)' {aka 'void(SPIx_RegDef_t *, unsigned char *, long unsigned int)'}
  114 | void SPI_DataReceive(SPIx_RegDef_t *pSPIx,uint8_t *pRxBuffer, uint32_t Len);
      |      ^~~~~~~~~~~~~~~
../Driver/Src/stm32f407xx_SPI_driver.c: In function 'SPI_DataReceive':
../Driver/Src/stm32f407xx_SPI_driver.c:85:33: error: 'RX_NEMPTY' undeclared (first use in this function)
   85 |         while(pSPIx->SPI_SR&(1<<RX_NEMPTY)){
      |                                 ^~~~~~~~~
../Driver/Src/stm32f407xx_SPI_driver.c:85:33: note: each undeclared identifier is reported only once for each function it appears in
make: *** [Driver/Src/subdir.mk:22: Driver/Src/stm32f407xx_SPI_driver.o] Error 1
make: *** Waiting for unfinished jobs....
"make -j2 all" terminated with exit code 2. Build might be incomplete.
08:22:54 **** Incremental Build of configuration Debug for project 007_stm32f4xx_driver ****
make -j2 all 
arm-none-eabi-gcc "../Driver/Src/stm32f407xx_SPI_driver.c" -mcpu=cortex-m4 -std=gnu11 -g3 -DDEBUG -DSTM32 -DSTM32F407G_DISC1 -DSTM32F4 -DSTM32F407VGTx -c -I"C:/Users/Hareesh/STM32CubeIDE/workspace_1.18.1/007_stm32f4xx_driver/Inc" -I"C:/Users/Hareesh/STM32CubeIDE/workspace_1.18.1/007_stm32f4xx_driver/Driver/Inc" -I"C:/Users/Hareesh/STM32CubeIDE/workspace_1.18.1/007_stm32f4xx_driver/Inc" -O0 -ffunction-sections -fdata-sections -Wall -fstack-usage -fcyclomatic-complexity -MMD -MP -MF"Driver/Src/stm32f407xx_SPI_driver.d" -MT"Driver/Src/stm32f407xx_SPI_driver.o" --specs=nano.specs -mfloat-abi=soft -mthumb -o "Driver/Src/stm32f407xx_SPI_driver.o"
../Driver/Src/stm32f407xx_SPI_driver.c:84:6: error: conflicting types for 'SPI_DataReceive'; have 'void(SPIx_RegDef_t *, uint8_t,  uint32_t)' {aka 'void(SPIx_RegDef_t *, unsigned char,  long unsigned int)'}
   84 | void SPI_DataReceive(SPIx_RegDef_t *pSPIx,uint8_t pRxBuffer, uint32_t Len){
      |      ^~~~~~~~~~~~~~~
In file included from C:/Users/Hareesh/STM32CubeIDE/workspace_1.18.1/007_stm32f4xx_driver/Inc/stm32f407xx.h:399,
                 from ../Driver/Src/stm32f407xx_SPI_driver.c:8:
C:/Users/Hareesh/STM32CubeIDE/workspace_1.18.1/007_stm32f4xx_driver/Driver/Inc/stm32f407xx_SPI_driver.h:114:6: note: previous declaration of 'SPI_DataReceive' with type 'void(SPIx_RegDef_t *, uint8_t *, uint32_t)' {aka 'void(SPIx_RegDef_t *, unsigned char *, long unsigned int)'}
  114 | void SPI_DataReceive(SPIx_RegDef_t *pSPIx,uint8_t *pRxBuffer, uint32_t Len);
      |      ^~~~~~~~~~~~~~~
make: *** [Driver/Src/subdir.mk:22: Driver/Src/stm32f407xx_SPI_driver.o] Error 1
"make -j2 all" terminated with exit code 2. Build might be incomplete.
08:23:03 **** Incremental Build of configuration Debug for project 007_stm32f4xx_driver ****
make -j2 all 
arm-none-eabi-gcc "../Driver/Src/stm32f407xx_SPI_driver.c" -mcpu=cortex-m4 -std=gnu11 -g3 -DDEBUG -DSTM32 -DSTM32F407G_DISC1 -DSTM32F4 -DSTM32F407VGTx -c -I"C:/Users/Hareesh/STM32CubeIDE/workspace_1.18.1/007_stm32f4xx_driver/Inc" -I"C:/Users/Hareesh/STM32CubeIDE/workspace_1.18.1/007_stm32f4xx_driver/Driver/Inc" -I"C:/Users/Hareesh/STM32CubeIDE/workspace_1.18.1/007_stm32f4xx_driver/Inc" -O0 -ffunction-sections -fdata-sections -Wall -fstack-usage -fcyclomatic-complexity -MMD -MP -MF"Driver/Src/stm32f407xx_SPI_driver.d" -MT"Driver/Src/stm32f407xx_SPI_driver.o" --specs=nano.specs -mfloat-abi=soft -mthumb -o "Driver/Src/stm32f407xx_SPI_driver.o"
arm-none-eabi-gcc -o "007_stm32f4xx_driver.elf" @"objects.list"   -mcpu=cortex-m4 -T"C:\Users\Hareesh\STM32CubeIDE\workspace_1.18.1\007_stm32f4xx_driver\STM32F407VGTX_FLASH.ld" --specs=nosys.specs -Wl,-Map="007_stm32f4xx_driver.map" -Wl,--gc-sections -static --specs=nano.specs -mfloat-abi=soft -mthumb -Wl,--start-group -lc -lm -Wl,--end-group
Finished building target: 007_stm32f4xx_driver.elf
 
arm-none-eabi-size  007_stm32f4xx_driver.elf 
arm-none-eabi-objdump -h -S 007_stm32f4xx_driver.elf  > "007_stm32f4xx_driver.list"
   text	   data	    bss	    dec	    hex	filename
   2072	      0	   1568	   3640	    e38	007_stm32f4xx_driver.elf
Finished building: default.size.stdout
 
Finished building: 007_stm32f4xx_driver.list
 
