17:12:28 **** Incremental Build of configuration Debug for project Pheripharal clock Enable ****
make -j2 all 
arm-none-eabi-gcc "../Src/main.c" -mcpu=cortex-m4 -std=gnu11 -g3 -DDEBUG -DSTM32 -DSTM32F407G_DISC1 -DSTM32F4 -DSTM32F407VGTx -c -I../Inc -O0 -ffunction-sections -fdata-sections -Wall -fstack-usage -fcyclomatic-complexity -MMD -MP -MF"Src/main.d" -MT"Src/main.o" --specs=nano.specs -mfloat-abi=soft -mthumb -o "Src/main.o"
arm-none-eabi-gcc -o "Pheripharal clock Enable.elf" @"objects.list"   -mcpu=cortex-m4 -T"C:\Users\Hareesh\STM32CubeIDE\workspace_1.18.1\Pheripharal clock Enable\STM32F407VGTX_FLASH.ld" --specs=nosys.specs -Wl,-Map="Pheripharal clock Enable.map" -Wl,--gc-sections -static --specs=nano.specs -mfloat-abi=soft -mthumb -Wl,--start-group -lc -lm -Wl,--end-group
Finished building target: Pheripharal clock Enable.elf
 
arm-none-eabi-size  Pheripharal\ clock\ Enable.elf 
arm-none-eabi-objdump -h -S Pheripharal\ clock\ Enable.elf  > "Pheripharal clock Enable.list"
   text	   data	    bss	    dec	    hex	filename
    696	      0	   1568	   2264	    8d8	Pheripharal clock Enable.elf
Finished building: default.size.stdout
 
Finished building: Pheripharal clock Enable.list
 

17:12:34 Build Finished. 0 errors, 0 warnings. (took 5s.917ms)

